Archive member included to satisfy reference by file (symbol)

c:/siliconlabs/simplicitystudio/v4/developer/toolchains/gnu_arm/7.2_2017q4/bin/../lib/gcc/arm-none-eabi/7.2.1/thumb/v6-m\libgcc.a(_thumb1_case_sqi.o)
                              ./emlib/em_cmu.o (__gnu_thumb1_case_sqi)
c:/siliconlabs/simplicitystudio/v4/developer/toolchains/gnu_arm/7.2_2017q4/bin/../lib/gcc/arm-none-eabi/7.2.1/thumb/v6-m\libgcc.a(_thumb1_case_uqi.o)
                              ./emlib/em_adc.o (__gnu_thumb1_case_uqi)
c:/siliconlabs/simplicitystudio/v4/developer/toolchains/gnu_arm/7.2_2017q4/bin/../lib/gcc/arm-none-eabi/7.2.1/thumb/v6-m\libgcc.a(_thumb1_case_uhi.o)
                              ./emlib/em_i2c.o (__gnu_thumb1_case_uhi)
c:/siliconlabs/simplicitystudio/v4/developer/toolchains/gnu_arm/7.2_2017q4/bin/../lib/gcc/arm-none-eabi/7.2.1/thumb/v6-m\libgcc.a(_udivsi3.o)
                              ./CMSIS/EFM32HG/system_efm32hg.o (__aeabi_uidiv)
c:/siliconlabs/simplicitystudio/v4/developer/toolchains/gnu_arm/7.2_2017q4/bin/../lib/gcc/arm-none-eabi/7.2.1/thumb/v6-m\libgcc.a(_divsi3.o)
                              ./Graphics/glib_line.o (__aeabi_idiv)
c:/siliconlabs/simplicitystudio/v4/developer/toolchains/gnu_arm/7.2_2017q4/bin/../lib/gcc/arm-none-eabi/7.2.1/thumb/v6-m\libgcc.a(_dvmd_tls.o)
                              c:/siliconlabs/simplicitystudio/v4/developer/toolchains/gnu_arm/7.2_2017q4/bin/../lib/gcc/arm-none-eabi/7.2.1/thumb/v6-m\libgcc.a(_udivsi3.o) (__aeabi_idiv0)
c:/siliconlabs/simplicitystudio/v4/developer/toolchains/gnu_arm/7.2_2017q4/bin/../lib/gcc/arm-none-eabi/7.2.1/thumb/v6-m\libgcc.a(_lshrdi3.o)
                              ./service/sl_sleeptimer.o (__aeabi_llsr)
c:/siliconlabs/simplicitystudio/v4/developer/toolchains/gnu_arm/7.2_2017q4/bin/../lib/gcc/arm-none-eabi/7.2.1/thumb/v6-m\libgcc.a(_clzsi2.o)
                              ./emlib/em_cmu.o (__clzsi2)
c:/siliconlabs/simplicitystudio/v4/developer/toolchains/gnu_arm/7.2_2017q4/bin/../lib/gcc/arm-none-eabi/7.2.1/thumb/v6-m\libgcc.a(_aeabi_ldivmod.o)
                              ./emlib/em_usart.o (__aeabi_ldivmod)
c:/siliconlabs/simplicitystudio/v4/developer/toolchains/gnu_arm/7.2_2017q4/bin/../lib/gcc/arm-none-eabi/7.2.1/thumb/v6-m\libgcc.a(_aeabi_uldivmod.o)
                              ./emlib/em_usart.o (__aeabi_uldivmod)
c:/siliconlabs/simplicitystudio/v4/developer/toolchains/gnu_arm/7.2_2017q4/bin/../lib/gcc/arm-none-eabi/7.2.1/thumb/v6-m\libgcc.a(_muldi3.o)
                              ./emlib/em_usart.o (__aeabi_lmul)
c:/siliconlabs/simplicitystudio/v4/developer/toolchains/gnu_arm/7.2_2017q4/bin/../lib/gcc/arm-none-eabi/7.2.1/thumb/v6-m\libgcc.a(_udivmoddi4.o)
                              c:/siliconlabs/simplicitystudio/v4/developer/toolchains/gnu_arm/7.2_2017q4/bin/../lib/gcc/arm-none-eabi/7.2.1/thumb/v6-m\libgcc.a(_aeabi_uldivmod.o) (__udivmoddi4)
c:/siliconlabs/simplicitystudio/v4/developer/toolchains/gnu_arm/7.2_2017q4/bin/../lib/gcc/arm-none-eabi/7.2.1/thumb/v6-m\libgcc.a(bpabi.o)
                              c:/siliconlabs/simplicitystudio/v4/developer/toolchains/gnu_arm/7.2_2017q4/bin/../lib/gcc/arm-none-eabi/7.2.1/thumb/v6-m\libgcc.a(_aeabi_ldivmod.o) (__gnu_ldivmod_helper)
c:/siliconlabs/simplicitystudio/v4/developer/toolchains/gnu_arm/7.2_2017q4/bin/../lib/gcc/arm-none-eabi/7.2.1/thumb/v6-m\libgcc.a(_clzdi2.o)
                              c:/siliconlabs/simplicitystudio/v4/developer/toolchains/gnu_arm/7.2_2017q4/bin/../lib/gcc/arm-none-eabi/7.2.1/thumb/v6-m\libgcc.a(_udivmoddi4.o) (__clzdi2)
c:/siliconlabs/simplicitystudio/v4/developer/toolchains/gnu_arm/7.2_2017q4/bin/../lib/gcc/arm-none-eabi/7.2.1/thumb/v6-m\libgcc.a(_divdi3.o)
                              c:/siliconlabs/simplicitystudio/v4/developer/toolchains/gnu_arm/7.2_2017q4/bin/../lib/gcc/arm-none-eabi/7.2.1/thumb/v6-m\libgcc.a(bpabi.o) (__divdi3)
c:/siliconlabs/simplicitystudio/v4/developer/toolchains/gnu_arm/7.2_2017q4/bin/../lib/gcc/arm-none-eabi/7.2.1/../../../../arm-none-eabi/lib/thumb/v6-m\libc_nano.a(lib_a-exit.o)
                              c:/siliconlabs/simplicitystudio/v4/developer/toolchains/gnu_arm/7.2_2017q4/bin/../lib/gcc/arm-none-eabi/7.2.1/../../../../arm-none-eabi/lib/thumb/v6-m/crt0.o (exit)
c:/siliconlabs/simplicitystudio/v4/developer/toolchains/gnu_arm/7.2_2017q4/bin/../lib/gcc/arm-none-eabi/7.2.1/../../../../arm-none-eabi/lib/thumb/v6-m\libc_nano.a(lib_a-impure.o)
                              c:/siliconlabs/simplicitystudio/v4/developer/toolchains/gnu_arm/7.2_2017q4/bin/../lib/gcc/arm-none-eabi/7.2.1/../../../../arm-none-eabi/lib/thumb/v6-m\libc_nano.a(lib_a-exit.o) (_global_impure_ptr)
c:/siliconlabs/simplicitystudio/v4/developer/toolchains/gnu_arm/7.2_2017q4/bin/../lib/gcc/arm-none-eabi/7.2.1/../../../../arm-none-eabi/lib/thumb/v6-m\libc_nano.a(lib_a-init.o)
[...]
Memory Configuration

Name             Origin             Length             Attributes
FLASH            0x00000000         0x00010000         xr
RAM              0x20000000         0x00002000         xrw
*default*        0x00000000         0xffffffff

Linker script and memory map

LOAD c:/siliconlabs/simplicitystudio/v4/developer/toolchains/gnu_arm/7.2_2017q4/bin/../lib/gcc/arm-none-eabi/7.2.1/thumb/v6-m/crti.o
LOAD c:/siliconlabs/simplicitystudio/v4/developer/toolchains/gnu_arm/7.2_2017q4/bin/../lib/gcc/arm-none-eabi/7.2.1/thumb/v6-m/crtbegin.o
LOAD c:/siliconlabs/simplicitystudio/v4/developer/toolchains/gnu_arm/7.2_2017q4/bin/../lib/gcc/arm-none-eabi/7.2.1/../../../../arm-none-eabi/lib/thumb/v6-m/crt0.o
LOAD ./BSP/bsp_bcc.o
LOAD ./BSP/bsp_stk.o
LOAD ./CMSIS/EFM32HG/startup_efm32hg.o
LOAD ./CMSIS/EFM32HG/system_efm32hg.o
LOAD ./Drivers/display.o
LOAD ./Drivers/displayls013b7dh03.o
LOAD ./Drivers/displaypalemlib.o
LOAD ./Drivers/i2cspm.o
LOAD ./Drivers/si7013.o
LOAD ./Drivers/udelay.o
LOAD ./Graphics/dmd_display.o
LOAD ./Graphics/glib.o
LOAD ./Graphics/glib_bitmap.o
LOAD ./Graphics/glib_circle.o
LOAD ./Graphics/glib_font_narrow_6x8.o
LOAD ./Graphics/glib_font_normal_8x8.o
LOAD ./Graphics/glib_line.o
LOAD ./Graphics/glib_rectangle.o
LOAD ./Graphics/glib_string.o
LOAD ./emlib/em_adc.o
LOAD ./emlib/em_assert.o
LOAD ./emlib/em_cmu.o
LOAD ./emlib/em_core.o
LOAD ./emlib/em_emu.o
LOAD ./emlib/em_gpio.o
LOAD ./emlib/em_i2c.o
LOAD ./emlib/em_leuart.o
LOAD ./emlib/em_rtc.o
LOAD ./emlib/em_usart.o
LOAD ./external_copied_files/capsense.o
LOAD ./external_copied_files/em_acmp.o
LOAD ./service/sl_sleeptimer.o
LOAD ./service/sl_sleeptimer_hal_rtc.o
LOAD ./src/7segment_font.o
LOAD ./src/clock_control.o
LOAD ./src/font_custom.o
LOAD ./src/graphics.o
LOAD ./src/humitemp.o
START GROUP
LOAD c:/siliconlabs/simplicitystudio/v4/developer/toolchains/gnu_arm/7.2_2017q4/bin/../lib/gcc/arm-none-eabi/7.2.1/thumb/v6-m\libgcc.a
LOAD c:/siliconlabs/simplicitystudio/v4/developer/toolchains/gnu_arm/7.2_2017q4/bin/../lib/gcc/arm-none-eabi/7.2.1/../../../../arm-none-eabi/lib/thumb/v6-m\libc_nano.a
LOAD c:/siliconlabs/simplicitystudio/v4/developer/toolchains/gnu_arm/7.2_2017q4/bin/../lib/gcc/arm-none-eabi/7.2.1/../../../../arm-none-eabi/lib/thumb/v6-m\libnosys.a
END GROUP
START GROUP
LOAD c:/siliconlabs/simplicitystudio/v4/developer/toolchains/gnu_arm/7.2_2017q4/bin/../lib/gcc/arm-none-eabi/7.2.1/thumb/v6-m\libgcc.a
LOAD c:/siliconlabs/simplicitystudio/v4/developer/toolchains/gnu_arm/7.2_2017q4/bin/../lib/gcc/arm-none-eabi/7.2.1/../../../../arm-none-eabi/lib/thumb/v6-m\libg_nano.a
LOAD c:/siliconlabs/simplicitystudio/v4/developer/toolchains/gnu_arm/7.2_2017q4/bin/../lib/gcc/arm-none-eabi/7.2.1/../../../../arm-none-eabi/lib/thumb/v6-m\libc_nano.a
END GROUP
START GROUP
LOAD c:/siliconlabs/simplicitystudio/v4/developer/toolchains/gnu_arm/7.2_2017q4/bin/../lib/gcc/arm-none-eabi/7.2.1/thumb/v6-m\libgcc.a
LOAD c:/siliconlabs/simplicitystudio/v4/developer/toolchains/gnu_arm/7.2_2017q4/bin/../lib/gcc/arm-none-eabi/7.2.1/../../../../arm-none-eabi/lib/thumb/v6-m\libc_nano.a
END GROUP
LOAD c:/siliconlabs/simplicitystudio/v4/developer/toolchains/gnu_arm/7.2_2017q4/bin/../lib/gcc/arm-none-eabi/7.2.1/thumb/v6-m/crtend.o
LOAD c:/siliconlabs/simplicitystudio/v4/developer/toolchains/gnu_arm/7.2_2017q4/bin/../lib/gcc/arm-none-eabi/7.2.1/thumb/v6-m/crtn.o

.text           0x00000000     0x50a4
 *(.vectors)
 .vectors       0x00000000       0x94 ./CMSIS/EFM32HG/startup_efm32hg.o
                0x00000000                __Vectors
                0x00000094                __Vectors_End = .
                0x00000094                __Vectors_Size = (__Vectors_End - __Vectors)
                0x00000094                __end__ = .
 *(.text*)
 .text          0x00000094       0x48 c:/siliconlabs/simplicitystudio/v4/developer/toolchains/gnu_arm/7.2_2017q4/bin/../lib/gcc/arm-none-eabi/7.2.1/thumb/v6-m/crtbegin.o
 .text          0x000000dc       0x78 c:/siliconlabs/simplicitystudio/v4/developer/toolchains/gnu_arm/7.2_2017q4/bin/../lib/gcc/arm-none-eabi/7.2.1/../../../../arm-none-eabi/lib/thumb/v6-m/crt0.o
                0x000000dc                _start
                0x000000dc                _mainCRTStartup
 .text          0x00000154       0x30 ./CMSIS/EFM32HG/startup_efm32hg.o
                0x00000154                Reset_Handler
                0x00000180                USART0_TX_IRQHandler
                0x00000180                I2C0_IRQHandler
                0x00000180                HardFault_Handler
                0x00000180                SysTick_Handler
                0x00000180                USART1_RX_IRQHandler
                0x00000180                PendSV_Handler
                0x00000180                NMI_Handler
                0x00000180                USART1_TX_IRQHandler
                0x00000180                MSC_IRQHandler
                0x00000180                LEUART0_IRQHandler
                0x00000180                TIMER2_IRQHandler
                0x00000180                TIMER1_IRQHandler
                0x00000180                Default_Handler
                0x00000180                PCNT0_IRQHandler
                0x00000180                sl_app_properties
                0x00000180                USB_IRQHandler
                0x00000180                ACMP0_IRQHandler
                0x00000180                USART0_RX_IRQHandler
                0x00000180                SVC_Handler
                0x00000180                CMU_IRQHandler
                0x00000180                AES_IRQHandler
                0x00000180                VCMP_IRQHandler
                0x00000180                DMA_IRQHandler
 .text.SystemMaxCoreClockGet
                0x00000184        0x8 ./CMSIS/EFM32HG/system_efm32hg.o
                0x00000184                SystemMaxCoreClockGet
 .text.SystemHFClockGet
                0x0000018c       0xbc ./CMSIS/EFM32HG/system_efm32hg.o
                0x0000018c                SystemHFClockGet
 .text.SystemCoreClockGet
                0x00000248       0x20 ./CMSIS/EFM32HG/system_efm32hg.o
                0x00000248                SystemCoreClockGet
 .text.SystemInit
                0x00000268       0x10 ./CMSIS/EFM32HG/system_efm32hg.o
                0x00000268                SystemInit
 .text.SystemLFRCOClockGet
                0x00000278        0x6 ./CMSIS/EFM32HG/system_efm32hg.o
                0x00000278                SystemLFRCOClockGet
 .text.SystemULFRCOClockGet
                0x0000027e        0x6 ./CMSIS/EFM32HG/system_efm32hg.o
                0x0000027e                SystemULFRCOClockGet
 .text.SystemLFXOClockGet
                0x00000284        0xc ./CMSIS/EFM32HG/system_efm32hg.o
                0x00000284                SystemLFXOClockGet
 .text.DISPLAY_Init
                0x00000290       0x2c ./Drivers/display.o
                0x00000290                DISPLAY_Init
 .text.DISPLAY_DeviceGet
                0x000002bc       0x3c ./Drivers/display.o
                0x000002bc                DISPLAY_DeviceGet
 .text.DISPLAY_DeviceRegister
                0x000002f8       0x44 ./Drivers/display.o
                0x000002f8                DISPLAY_DeviceRegister
 .text.PixelMatrixAllocate
                0x0000033c       0x38 ./Drivers/displayls013b7dh03.o
 .text.PixelMatrixFree
                0x00000374        0x8 ./Drivers/displayls013b7dh03.o
 .text.DriverRefresh
                0x0000037c        0xe ./Drivers/displayls013b7dh03.o
 .text.PixelMatrixClear
                0x0000038a       0x2c ./Drivers/displayls013b7dh03.o
 .text.PixelMatrixDraw
                0x000003b6       0x76 ./Drivers/displayls013b7dh03.o
 .text.DisplayPolarityInverse
                0x0000042c        0xc ./Drivers/displayls013b7dh03.o
 .text.DisplayEnable
                0x00000438       0x1a ./Drivers/displayls013b7dh03.o
 *fill*         0x00000452        0x2 
 .text.DISPLAY_Ls013b7dh03Init
                0x00000454       0xe4 ./Drivers/displayls013b7dh03.o
                0x00000454                DISPLAY_Ls013b7dh03Init
 .text.PAL_SpiInit
                0x00000538       0x44 ./Drivers/displaypalemlib.o
                0x00000538                PAL_SpiInit
 .text.PAL_SpiTransmit
                0x0000057c       0x44 ./Drivers/displaypalemlib.o
                0x0000057c                PAL_SpiTransmit
 .text.PAL_TimerInit
                0x000005c0        0xa ./Drivers/displaypalemlib.o
                0x000005c0                PAL_TimerInit
 .text.PAL_TimerMicroSecondsDelay
                0x000005ca        0xa ./Drivers/displaypalemlib.o
                0x000005ca                PAL_TimerMicroSecondsDelay
 .text.PAL_TimerRepeat
                0x000005d4       0x18 ./Drivers/displaypalemlib.o
                0x000005d4                PAL_TimerRepeat
 .text.PAL_GpioInit
                0x000005ec       0x14 ./Drivers/displaypalemlib.o
                0x000005ec                PAL_GpioInit
 .text.PAL_GpioPinModeSet
                0x00000600       0x1c ./Drivers/displaypalemlib.o
                0x00000600                PAL_GpioPinModeSet
 .text.PAL_GpioPinOutSet
                0x0000061c       0x18 ./Drivers/displaypalemlib.o
                0x0000061c                PAL_GpioPinOutSet
 .text.PAL_GpioPinOutClear
                0x00000634       0x18 ./Drivers/displaypalemlib.o
                0x00000634                PAL_GpioPinOutClear
 .text.PAL_GpioPinOutToggle
                0x0000064c       0x18 ./Drivers/displaypalemlib.o
                0x0000064c                PAL_GpioPinOutToggle
 .text.I2CSPM_Init
                0x00000664       0x94 ./Drivers/i2cspm.o
                0x00000664                I2CSPM_Init
 .text.I2CSPM_Transfer
                0x000006f8       0x24 ./Drivers/i2cspm.o
                0x000006f8                I2CSPM_Transfer
 .text.Si7013_Measure
                0x0000071c       0x44 ./Drivers/si7013.o
 .text.Si7013_MeasureRHAndTemp
                0x00000760       0x5c ./Drivers/si7013.o
                0x00000760                Si7013_MeasureRHAndTemp
 .text.Si7013_Detect
                0x000007bc       0x44 ./Drivers/si7013.o
                0x000007bc                Si7013_Detect
 .text.UDELAY_Calibrate
                0x00000800      0x1ac ./Drivers/udelay.o
                0x00000800                UDELAY_Calibrate
 .text.UDELAY_Delay
                0x000009ac       0x28 ./Drivers/udelay.o
                0x000009ac                UDELAY_Delay
 .text.DMD_getDisplayGeometry
                0x000009d4       0x1c ./Graphics/dmd_display.o
                0x000009d4                DMD_getDisplayGeometry
 .text.DMD_setClippingArea
                0x000009f0       0x40 ./Graphics/dmd_display.o
                0x000009f0                DMD_setClippingArea
 .text.DMD_writeColor
                0x00000a30      0x15c ./Graphics/dmd_display.o
                0x00000a30                DMD_writeColor
 .text.DMD_allocateFramebuffer
                0x00000b8c       0x40 ./Graphics/dmd_display.o
                0x00000b8c                DMD_allocateFramebuffer
 .text.DMD_init
                0x00000bcc       0x78 ./Graphics/dmd_display.o
                0x00000bcc                DMD_init
 .text.DMD_updateDisplay
                0x00000c44       0xa4 ./Graphics/dmd_display.o
                0x00000c44                DMD_updateDisplay
 .text.GLIB_resetDisplayClippingArea
                0x00000ce8       0x1a ./Graphics/glib.o
                0x00000ce8                GLIB_resetDisplayClippingArea
 .text.GLIB_clear
                0x00000d02       0x34 ./Graphics/glib.o
                0x00000d02                GLIB_clear
 .text.GLIB_applyClippingRegion
                0x00000d36       0x28 ./Graphics/glib.o
                0x00000d36                GLIB_applyClippingRegion
 .text.GLIB_setClippingRegion
                0x00000d5e       0x48 ./Graphics/glib.o
                0x00000d5e                GLIB_setClippingRegion
 *fill*         0x00000da6        0x2 
 .text.GLIB_contextInit
                0x00000da8       0x54 ./Graphics/glib.o
                0x00000da8                GLIB_contextInit
 .text.GLIB_drawPixel
                0x00000dfc       0x38 ./Graphics/glib.o
                0x00000dfc                GLIB_drawPixel
 .text.GLIB_drawPixelColor
                0x00000e34       0x36 ./Graphics/glib.o
                0x00000e34                GLIB_drawPixelColor
 .text.GLIB_rectContainsPoint
                0x00000e6a       0x2a ./Graphics/glib_rectangle.o
                0x00000e6a                GLIB_rectContainsPoint
 .text.GLIB_drawChar
                0x00000e94      0x120 ./Graphics/glib_string.o
                0x00000e94                GLIB_drawChar
 .text.GLIB_drawString
                0x00000fb4       0x86 ./Graphics/glib_string.o
                0x00000fb4                GLIB_drawString
 .text.GLIB_setFont
                0x0000103a       0x22 ./Graphics/glib_string.o
                0x0000103a                GLIB_setFont
 .text.ADC_LoadDevinfoCal
                0x0000105c       0x98 ./emlib/em_adc.o
 .text.ADC_InitSingle
                0x000010f4       0x5c ./emlib/em_adc.o
                0x000010f4                ADC_InitSingle
 .text.ADC_PrescaleCalc
                0x00001150       0x44 ./emlib/em_adc.o
                0x00001150                ADC_PrescaleCalc
 .text.ADC_Init
                0x00001194       0x64 ./emlib/em_adc.o
                0x00001194                ADC_Init
 .text.auxClkGet
                0x000011f8       0x8c ./emlib/em_cmu.o
 .text.flashWaitStateControl.isra.1
                0x00001284       0x34 ./emlib/em_cmu.o
 .text.flashWaitStateMax
                0x000012b8       0x24 ./emlib/em_cmu.o
 .text.syncReg  0x000012dc       0x14 ./emlib/em_cmu.o
 .text.CMU_UpdateWaitStates
                0x000012f0       0x20 ./emlib/em_cmu.o
                0x000012f0                CMU_UpdateWaitStates
 .text.CMU_ClockDivGet
                0x00001310       0x78 ./emlib/em_cmu.o
                0x00001310                CMU_ClockDivGet
 .text.CMU_ClockDivSet
                0x00001388       0xec ./emlib/em_cmu.o
                0x00001388                CMU_ClockDivSet
 .text.CMU_ClockEnable
                0x00001474       0x80 ./emlib/em_cmu.o
                0x00001474                CMU_ClockEnable
 .text.CMU_ClockSelectGet
                0x000014f4       0xe8 ./emlib/em_cmu.o
                0x000014f4                CMU_ClockSelectGet
 .text.lfClkGet
                0x000015dc       0x80 ./emlib/em_cmu.o
 .text.CMU_ClockFreqGet
                0x0000165c      0x118 ./emlib/em_cmu.o
                0x0000165c                CMU_ClockFreqGet
 .text.CMU_OscillatorEnable
                0x00001774       0x6c ./emlib/em_cmu.o
                0x00001774                CMU_OscillatorEnable
 .text.CMU_ClockSelectSet
                0x000017e0      0x180 ./emlib/em_cmu.o
                0x000017e0                CMU_ClockSelectSet
 .text.CORE_EnterCritical
                0x00001960        0x8 ./emlib/em_core.o
                0x00001960                CORE_EnterCritical
 .text.CORE_ExitCritical
                0x00001968        0x8 ./emlib/em_core.o
                0x00001968                CORE_ExitCritical
 .text.CORE_EnterAtomic
                0x00001970        0x8 ./emlib/em_core.o
                0x00001970                CORE_EnterAtomic
 .text.CORE_ExitAtomic
                0x00001978        0x8 ./emlib/em_core.o
                0x00001978                CORE_ExitAtomic
 .text.emState.part.0
                0x00001980       0x24 ./emlib/em_emu.o
 .text.emState.constprop.2
                0x000019a4       0x5c ./emlib/em_emu.o
 .text.EMU_EM23PresleepHook
                0x00001a00        0x2 ./emlib/em_emu.o
                0x00001a00                EMU_EM23PresleepHook
 .text.EMU_EM23PostsleepHook
                0x00001a02        0x2 ./emlib/em_emu.o
                0x00001a02                EMU_EM23PostsleepHook
 .text.EMU_EnterEM2
                0x00001a04       0x5c ./emlib/em_emu.o
                0x00001a04                EMU_EnterEM2
 .text.GPIO_ExtIntConfig
                0x00001a60       0x78 ./emlib/em_gpio.o
                0x00001a60                GPIO_ExtIntConfig
 .text.GPIO_PinModeSet
                0x00001ad8       0x7c ./emlib/em_gpio.o
                0x00001ad8                GPIO_PinModeSet
 .text.I2C_BusFreqSet
                0x00001b54       0x6c ./emlib/em_i2c.o
                0x00001b54                I2C_BusFreqSet
 .text.I2C_Enable
                0x00001bc0        0xc ./emlib/em_i2c.o
                0x00001bc0                I2C_Enable
 .text.I2C_Init
                0x00001bcc       0x38 ./emlib/em_i2c.o
                0x00001bcc                I2C_Init
 .text.I2C_Transfer
                0x00001c04      0x35c ./emlib/em_i2c.o
                0x00001c04                I2C_Transfer
 .text.I2C_TransferInit
                0x00001f60       0x70 ./emlib/em_i2c.o
                0x00001f60                I2C_TransferInit
 .text.RTC_CompareSet
                0x00001fd0       0x1c ./emlib/em_rtc.o
                0x00001fd0                RTC_CompareSet
 .text.RTC_Enable
                0x00001fec       0x14 ./emlib/em_rtc.o
                0x00001fec                RTC_Enable
 .text.RTC_FreezeEnable
                0x00002000       0x14 ./emlib/em_rtc.o
                0x00002000                RTC_FreezeEnable
 .text.RTC_Init
                0x00002014       0x20 ./emlib/em_rtc.o
                0x00002014                RTC_Init
 .text.USART_BaudrateSyncSet
                0x00002034       0x24 ./emlib/em_usart.o
                0x00002034                USART_BaudrateSyncSet
 .text.USART_Reset
                0x00002058       0x4c ./emlib/em_usart.o
                0x00002058                USART_Reset
 .text.USART_InitSync
                0x000020a4       0x70 ./emlib/em_usart.o
                0x000020a4                USART_InitSync
 .text.USART_Tx
                0x00002114        0xc ./emlib/em_usart.o
                0x00002114                USART_Tx
 .text.USART_TxDouble
                0x00002120        0xc ./emlib/em_usart.o
                0x00002120                USART_TxDouble
 .text.TIMER0_IRQHandler
                0x0000212c       0x4c ./external_copied_files/capsense.o
                0x0000212c                TIMER0_IRQHandler
 .text.CAPSENSE_getPressed
                0x00002178       0x20 ./external_copied_files/capsense.o
                0x00002178                CAPSENSE_getPressed
 .text.CAPSENSE_Sense
                0x00002198       0x80 ./external_copied_files/capsense.o
                0x00002198                CAPSENSE_Sense
 .text.CAPSENSE_Init
                0x00002218       0xb0 ./external_copied_files/capsense.o
                0x00002218                CAPSENSE_Init
 .text.ACMP_CapsenseInit
                0x000022c8       0x48 ./external_copied_files/em_acmp.o
                0x000022c8                ACMP_CapsenseInit
 .text.ACMP_CapsenseChannelSet
                0x00002310        0xc ./external_copied_files/em_acmp.o
                0x00002310                ACMP_CapsenseChannelSet
 .text.ACMP_Disable
                0x0000231c        0xa ./external_copied_files/em_acmp.o
                0x0000231c                ACMP_Disable
 .text.ACMP_Enable
                0x00002326        0xa ./external_copied_files/em_acmp.o
                0x00002326                ACMP_Enable
 .text.delay_callback
                0x00002330        0x6 ./service/sl_sleeptimer.o
 *fill*         0x00002336        0x2 
 .text.delta_list_insert_timer
                0x00002338       0x4c ./service/sl_sleeptimer.o
 .text.update_first_timer_delta
                0x00002384       0x34 ./service/sl_sleeptimer.o
 .text.set_comparator_for_next_timer
                0x000023b8       0x24 ./service/sl_sleeptimer.o
 .text.create_timer
                0x000023dc       0x60 ./service/sl_sleeptimer.o
 .text.delta_list_remove_timer
                0x0000243c       0x44 ./service/sl_sleeptimer.o
 .text.sl_sleeptimer_init
                0x00002480       0x6c ./service/sl_sleeptimer.o
                0x00002480                sl_sleeptimer_init
 .text.sl_sleeptimer_is_timer_running
                0x000024ec       0x40 ./service/sl_sleeptimer.o
                0x000024ec                sl_sleeptimer_is_timer_running
 .text.sl_sleeptimer_start_timer
                0x0000252c       0x52 ./service/sl_sleeptimer.o
                0x0000252c                sl_sleeptimer_start_timer
 .text.sl_sleeptimer_start_periodic_timer
                0x0000257e       0x54 ./service/sl_sleeptimer.o
                0x0000257e                sl_sleeptimer_start_periodic_timer
 *fill*         0x000025d2        0x2 
 .text.sl_sleeptimer_get_timer_frequency
                0x000025d4        0xc ./service/sl_sleeptimer.o
                0x000025d4                sl_sleeptimer_get_timer_frequency
 .text.sl_sleeptimer_ms_to_tick
                0x000025e0       0x18 ./service/sl_sleeptimer.o
                0x000025e0                sl_sleeptimer_ms_to_tick
 .text.sl_sleeptimer_delay_millisecond
                0x000025f8       0x34 ./service/sl_sleeptimer.o
                0x000025f8                sl_sleeptimer_delay_millisecond
 .text.sl_sleeptimer_ms32_to_tick
                0x0000262c       0x38 ./service/sl_sleeptimer.o
                0x0000262c                sl_sleeptimer_ms32_to_tick
 .text.process_timer_irq
                0x00002664       0xf4 ./service/sl_sleeptimer.o
                0x00002664                process_timer_irq
 .text.sleeptimer_hal_init_timer
                0x00002758       0x50 ./service/sl_sleeptimer_hal_rtc.o
                0x00002758                sleeptimer_hal_init_timer
 .text.sleeptimer_hal_get_counter
                0x000027a8       0x20 ./service/sl_sleeptimer_hal_rtc.o
                0x000027a8                sleeptimer_hal_get_counter
 .text.sleeptimer_hal_enable_int
                0x000027c8       0x30 ./service/sl_sleeptimer_hal_rtc.o
                0x000027c8                sleeptimer_hal_enable_int
 .text.sleeptimer_hal_disable_int
                0x000027f8       0x24 ./service/sl_sleeptimer_hal_rtc.o
                0x000027f8                sleeptimer_hal_disable_int
 .text.sleeptimer_hal_set_compare
                0x0000281c       0x5c ./service/sl_sleeptimer_hal_rtc.o
                0x0000281c                sleeptimer_hal_set_compare
 .text.sleeptimer_hal_get_timer_frequency
                0x00002878       0x10 ./service/sl_sleeptimer_hal_rtc.o
                0x00002878                sleeptimer_hal_get_timer_frequency
 .text.RTC_IRQHandler
                0x00002888       0x78 ./service/sl_sleeptimer_hal_rtc.o
                0x00002888                RTC_IRQHandler
 .text.adjustOffset
                0x00002900       0x28 ./src/clock_control.o
                0x00002900                adjustOffset
 .text.GetCurrTime
                0x00002928      0x124 ./src/clock_control.o
                0x00002928                GetCurrTime
 .text.RTC_Setup
                0x00002a4c       0x74 ./src/clock_control.o
                0x00002a4c                RTC_Setup
 .text.GRAPHICS_Init
                0x00002ac0       0x40 ./src/graphics.o
                0x00002ac0                GRAPHICS_Init
 .text.GRAPHICS_ShowStatus
                0x00002b00       0x58 ./src/graphics.o
                0x00002b00                GRAPHICS_ShowStatus
 .text.GRAPHICS_Draw
                0x00002b58      0x104 ./src/graphics.o
                0x00002b58                GRAPHICS_Draw
 .text.measurement_callback
                0x00002c5c        0xc ./src/humitemp.o
 .text.time_callback
                0x00002c68       0x18 ./src/humitemp.o
 .text.display_callback
                0x00002c80       0x18 ./src/humitemp.o
 .text.touch_callback
                0x00002c98       0x78 ./src/humitemp.o
 .text.sl_sleeptimer_start_periodic_timer_ms.constprop.1
                0x00002d10       0x28 ./src/humitemp.o
 .text.startup.main
                0x00002d38      0x23c ./src/humitemp.o
                0x00002d38                main
 .text.ADC0_IRQHandler
                0x00002f74       0x18 ./src/humitemp.o
                0x00002f74                ADC0_IRQHandler
 .text.GPIO_EVEN_IRQHandler
                0x00002f8c       0x64 ./src/humitemp.o
                0x00002f8c                GPIO_EVEN_IRQHandler
 .text.GPIO_ODD_IRQHandler
                0x00002ff0        0x8 ./src/humitemp.o
                0x00002ff0                GPIO_ODD_IRQHandler
 .text.rtcIntCallbackRegister
                0x00002ff8       0x3c ./src/humitemp.o
                0x00002ff8                rtcIntCallbackRegister
 .text          0x00003034       0x14 c:/siliconlabs/simplicitystudio/v4/developer/toolchains/gnu_arm/7.2_2017q4/bin/../lib/gcc/arm-none-eabi/7.2.1/thumb/v6-m\libgcc.a(_thumb1_case_sqi.o)
                0x00003034                __gnu_thumb1_case_sqi
 .text          0x00003048       0x14 c:/siliconlabs/simplicitystudio/v4/developer/toolchains/gnu_arm/7.2_2017q4/bin/../lib/gcc/arm-none-eabi/7.2.1/thumb/v6-m\libgcc.a(_thumb1_case_uqi.o)
                0x00003048                __gnu_thumb1_case_uqi
 .text          0x0000305c       0x14 c:/siliconlabs/simplicitystudio/v4/developer/toolchains/gnu_arm/7.2_2017q4/bin/../lib/gcc/arm-none-eabi/7.2.1/thumb/v6-m\libgcc.a(_thumb1_case_uhi.o)
                0x0000305c                __gnu_thumb1_case_uhi
 .text          0x00003070      0x114 c:/siliconlabs/simplicitystudio/v4/developer/toolchains/gnu_arm/7.2_2017q4/bin/../lib/gcc/arm-none-eabi/7.2.1/thumb/v6-m\libgcc.a(_udivsi3.o)
                0x00003070                __aeabi_uidiv
                0x00003070                __udivsi3
                0x0000317c                __aeabi_uidivmod
 .text          0x00003184        0x4 c:/siliconlabs/simplicitystudio/v4/developer/toolchains/gnu_arm/7.2_2017q4/bin/../lib/gcc/arm-none-eabi/7.2.1/thumb/v6-m\libgcc.a(_dvmd_tls.o)
                0x00003184                __aeabi_idiv0
                0x00003184                __aeabi_ldiv0
 .text          0x00003188       0x3c c:/siliconlabs/simplicitystudio/v4/developer/toolchains/gnu_arm/7.2_2017q4/bin/../lib/gcc/arm-none-eabi/7.2.1/thumb/v6-m\libgcc.a(_clzsi2.o)
                0x00003188                __clzsi2
 .text          0x000031c4       0x40 c:/siliconlabs/simplicitystudio/v4/developer/toolchains/gnu_arm/7.2_2017q4/bin/../lib/gcc/arm-none-eabi/7.2.1/thumb/v6-m\libgcc.a(_aeabi_uldivmod.o)
                0x000031c4                __aeabi_uldivmod
 .text          0x00003204       0x54 c:/siliconlabs/simplicitystudio/v4/developer/toolchains/gnu_arm/7.2_2017q4/bin/../lib/gcc/arm-none-eabi/7.2.1/thumb/v6-m\libgcc.a(_muldi3.o)
                0x00003204                __muldi3
                0x00003204                __aeabi_lmul
 .text          0x00003258      0x184 c:/siliconlabs/simplicitystudio/v4/developer/toolchains/gnu_arm/7.2_2017q4/bin/../lib/gcc/arm-none-eabi/7.2.1/thumb/v6-m\libgcc.a(_udivmoddi4.o)
                0x00003258                __udivmoddi4
 .text          0x000033dc       0x18 c:/siliconlabs/simplicitystudio/v4/developer/toolchains/gnu_arm/7.2_2017q4/bin/../lib/gcc/arm-none-eabi/7.2.1/thumb/v6-m\libgcc.a(_clzdi2.o)
                0x000033dc                __clzdi2
 .text.exit     0x000033f4       0x2c c:/siliconlabs/simplicitystudio/v4/developer/toolchains/gnu_arm/7.2_2017q4/bin/../lib/gcc/arm-none-eabi/7.2.1/../../../../arm-none-eabi/lib/thumb/v6-m\libc_nano.a(lib_a-exit.o)
                0x000033f4                exit
 .text.__libc_init_array
                0x00003420       0x48 c:/siliconlabs/simplicitystudio/v4/developer/toolchains/gnu_arm/7.2_2017q4/bin/../lib/gcc/arm-none-eabi/7.2.1/../../../../arm-none-eabi/lib/thumb/v6-m\libc_nano.a(lib_a-init.o)
                0x00003420                __libc_init_array
 .text.memcpy   0x00003468       0x12 c:/siliconlabs/simplicitystudio/v4/developer/toolchains/gnu_arm/7.2_2017q4/bin/../lib/gcc/arm-none-eabi/7.2.1/../../../../arm-none-eabi/lib/thumb/v6-m\libc_nano.a(lib_a-memcpy-stub.o)
                0x00003468                memcpy
 .text.memset   0x0000347a       0x10 c:/siliconlabs/simplicitystudio/v4/developer/toolchains/gnu_arm/7.2_2017q4/bin/../lib/gcc/arm-none-eabi/7.2.1/../../../../arm-none-eabi/lib/thumb/v6-m\libc_nano.a(lib_a-memset.o)
                0x0000347a                memset
 *fill*         0x0000348a        0x2 
 .text.snprintf
                0x0000348c       0x64 c:/siliconlabs/simplicitystudio/v4/developer/toolchains/gnu_arm/7.2_2017q4/bin/../lib/gcc/arm-none-eabi/7.2.1/../../../../arm-none-eabi/lib/thumb/v6-m\libc_nano.a(lib_a-snprintf.o)
                0x0000348c                sniprintf
                0x0000348c                snprintf
 .text.__ssputs_r
                0x000034f0       0xc4 c:/siliconlabs/simplicitystudio/v4/developer/toolchains/gnu_arm/7.2_2017q4/bin/../lib/gcc/arm-none-eabi/7.2.1/../../../../arm-none-eabi/lib/thumb/v6-m\libc_nano.a(lib_a-nano-svfprintf.o)
                0x000034f0                __ssputs_r
 .text._svfprintf_r
                0x000035b4      0x1fc c:/siliconlabs/simplicitystudio/v4/developer/toolchains/gnu_arm/7.2_2017q4/bin/../lib/gcc/arm-none-eabi/7.2.1/../../../../arm-none-eabi/lib/thumb/v6-m\libc_nano.a(lib_a-nano-svfprintf.o)
                0x000035b4                _svfiprintf_r
                0x000035b4                _svfprintf_r
 .text._printf_common
                0x000037b0       0xda c:/siliconlabs/simplicitystudio/v4/developer/toolchains/gnu_arm/7.2_2017q4/bin/../lib/gcc/arm-none-eabi/7.2.1/../../../../arm-none-eabi/lib/thumb/v6-m\libc_nano.a(lib_a-nano-vfprintf_i.o)
                0x000037b0                _printf_common
 *fill*         0x0000388a        0x2 
 .text._printf_i
                0x0000388c      0x210 c:/siliconlabs/simplicitystudio/v4/developer/toolchains/gnu_arm/7.2_2017q4/bin/../lib/gcc/arm-none-eabi/7.2.1/../../../../arm-none-eabi/lib/thumb/v6-m\libc_nano.a(lib_a-nano-vfprintf_i.o)
                0x0000388c                _printf_i
 .text.memchr   0x00003a9c       0x16 c:/siliconlabs/simplicitystudio/v4/developer/toolchains/gnu_arm/7.2_2017q4/bin/../lib/gcc/arm-none-eabi/7.2.1/../../../../arm-none-eabi/lib/thumb/v6-m\libc_nano.a(lib_a-memchr-stub.o)
                0x00003a9c                memchr
 .text.memmove  0x00003ab2       0x26 c:/siliconlabs/simplicitystudio/v4/developer/toolchains/gnu_arm/7.2_2017q4/bin/../lib/gcc/arm-none-eabi/7.2.1/../../../../arm-none-eabi/lib/thumb/v6-m\libc_nano.a(lib_a-memmove.o)
                0x00003ab2                memmove
 .text._free_r  0x00003ad8       0x94 c:/siliconlabs/simplicitystudio/v4/developer/toolchains/gnu_arm/7.2_2017q4/bin/../lib/gcc/arm-none-eabi/7.2.1/../../../../arm-none-eabi/lib/thumb/v6-m\libc_nano.a(lib_a-nano-freer.o)
                0x00003ad8                _free_r
 .text._malloc_r
                0x00003b6c       0xbc c:/siliconlabs/simplicitystudio/v4/developer/toolchains/gnu_arm/7.2_2017q4/bin/../lib/gcc/arm-none-eabi/7.2.1/../../../../arm-none-eabi/lib/thumb/v6-m\libc_nano.a(lib_a-nano-mallocr.o)
                0x00003b6c                _malloc_r
 .text._realloc_r
                0x00003c28       0x4c c:/siliconlabs/simplicitystudio/v4/developer/toolchains/gnu_arm/7.2_2017q4/bin/../lib/gcc/arm-none-eabi/7.2.1/../../../../arm-none-eabi/lib/thumb/v6-m\libc_nano.a(lib_a-nano-reallocr.o)
                0x00003c28                _realloc_r
 .text._sbrk_r  0x00003c74       0x24 c:/siliconlabs/simplicitystudio/v4/developer/toolchains/gnu_arm/7.2_2017q4/bin/../lib/gcc/arm-none-eabi/7.2.1/../../../../arm-none-eabi/lib/thumb/v6-m\libc_nano.a(lib_a-sbrkr.o)
                0x00003c74                _sbrk_r
 .text.__malloc_lock
                0x00003c98        0x2 c:/siliconlabs/simplicitystudio/v4/developer/toolchains/gnu_arm/7.2_2017q4/bin/../lib/gcc/arm-none-eabi/7.2.1/../../../../arm-none-eabi/lib/thumb/v6-m\libc_nano.a(lib_a-mlock.o)
                0x00003c98                __malloc_lock
 .text.__malloc_unlock
                0x00003c9a        0x2 c:/siliconlabs/simplicitystudio/v4/developer/toolchains/gnu_arm/7.2_2017q4/bin/../lib/gcc/arm-none-eabi/7.2.1/../../../../arm-none-eabi/lib/thumb/v6-m\libc_nano.a(lib_a-mlock.o)
                0x00003c9a                __malloc_unlock
 .text._malloc_usable_size_r
                0x00003c9c       0x10 c:/siliconlabs/simplicitystudio/v4/developer/toolchains/gnu_arm/7.2_2017q4/bin/../lib/gcc/arm-none-eabi/7.2.1/../../../../arm-none-eabi/lib/thumb/v6-m\libc_nano.a(lib_a-nano-msizer.o)
                0x00003c9c                _malloc_usable_size_r
 .text._sbrk    0x00003cac       0x1c c:/siliconlabs/simplicitystudio/v4/developer/toolchains/gnu_arm/7.2_2017q4/bin/../lib/gcc/arm-none-eabi/7.2.1/../../../../arm-none-eabi/lib/thumb/v6-m\libnosys.a(sbrk.o)
                0x00003cac                _sbrk
 .text._exit    0x00003cc8        0x4 c:/siliconlabs/simplicitystudio/v4/developer/toolchains/gnu_arm/7.2_2017q4/bin/../lib/gcc/arm-none-eabi/7.2.1/../../../../arm-none-eabi/lib/thumb/v6-m\libnosys.a(_exit.o)
                0x00003cc8                _exit
 *(.init)
 .init          0x00003ccc        0x4 c:/siliconlabs/simplicitystudio/v4/developer/toolchains/gnu_arm/7.2_2017q4/bin/../lib/gcc/arm-none-eabi/7.2.1/thumb/v6-m/crti.o
                0x00003ccc                _init
 .init          0x00003cd0        0x8 c:/siliconlabs/simplicitystudio/v4/developer/toolchains/gnu_arm/7.2_2017q4/bin/../lib/gcc/arm-none-eabi/7.2.1/thumb/v6-m/crtn.o
 *(.fini)
 .fini          0x00003cd8        0x4 c:/siliconlabs/simplicitystudio/v4/developer/toolchains/gnu_arm/7.2_2017q4/bin/../lib/gcc/arm-none-eabi/7.2.1/thumb/v6-m/crti.o
                0x00003cd8                _fini
 .fini          0x00003cdc        0x8 c:/siliconlabs/simplicitystudio/v4/developer/toolchains/gnu_arm/7.2_2017q4/bin/../lib/gcc/arm-none-eabi/7.2.1/thumb/v6-m/crtn.o
 *fill*         0x00003ce4        0x4 
 .fini.__stub   0x00003ce8       0x10 linker stubs
 *crtbegin.o(.ctors)
 *crtbegin?.o(.ctors)
 *(EXCLUDE_FILE(*crtend.o *crtend?.o) .ctors)
 *(SORT_BY_NAME(.ctors.*))
 *(.ctors)
 *crtbegin.o(.dtors)
 *crtbegin?.o(.dtors)
 *(EXCLUDE_FILE(*crtend.o *crtend?.o) .dtors)
 *(SORT_BY_NAME(.dtors.*))
 *(.dtors)
 *(.rodata*)
 .rodata.DISPLAY_Ls013b7dh03Init.str1.1
                0x00003cf8       0x15 ./Drivers/displayls013b7dh03.o
 *fill*         0x00003d0d        0x3 
 .rodata        0x00003d10       0x18 ./Drivers/displaypalemlib.o
 .rodata        0x00003d28        0x3 ./Drivers/udelay.o
 *fill*         0x00003d2b        0x1 
 .rodata.GLIB_FontNarrow6x8
                0x00003d2c       0x10 ./Graphics/glib_font_narrow_6x8.o
                0x00003d2c                GLIB_FontNarrow6x8
 .rodata.GLIB_FontNarrow6x8PixMap
                0x00003d3c      0x320 ./Graphics/glib_font_narrow_6x8.o
 .rodata.GLIB_FontNormal8x8
                0x0000405c       0x10 ./Graphics/glib_font_normal_8x8.o
                0x0000405c                GLIB_FontNormal8x8
 .rodata.GLIB_FontNormal8x8PixMap
                0x0000406c      0x320 ./Graphics/glib_font_normal_8x8.o
 .rodata.i2cNSum
                0x0000438c        0x4 ./emlib/em_i2c.o
 .rodata        0x00004390       0x14 ./external_copied_files/capsense.o
 .rodata.channelsInUse
                0x000043a4        0x8 ./external_copied_files/capsense.o
 .rodata.GLIB_font7Segment
                0x000043ac       0x10 ./src/7segment_font.o
                0x000043ac                GLIB_font7Segment
 .rodata.font4x8_segment
                0x000043bc      0xc00 ./src/7segment_font.o
 .rodata        0x00004fbc        0x3 ./src/clock_control.o
 *fill*         0x00004fbf        0x1 
 .rodata.CSWTCH.9
                0x00004fc0       0x18 ./src/clock_control.o
 .rodata.GRAPHICS_Draw.str1.1
                0x00004fd8       0x29 ./src/graphics.o
 .rodata.GRAPHICS_ShowStatus.str1.1
                0x00005001       0x4c ./src/graphics.o
 *fill*         0x0000504d        0x3 
 .rodata        0x00005050       0x18 ./src/humitemp.o
 .rodata._global_impure_ptr
                0x00005068        0x4 c:/siliconlabs/simplicitystudio/v4/developer/toolchains/gnu_arm/7.2_2017q4/bin/../lib/gcc/arm-none-eabi/7.2.1/../../../../arm-none-eabi/lib/thumb/v6-m\libc_nano.a(lib_a-impure.o)
                0x00005068                _global_impure_ptr
 .rodata._svfprintf_r.str1.1
                0x0000506c       0x11 c:/siliconlabs/simplicitystudio/v4/developer/toolchains/gnu_arm/7.2_2017q4/bin/../lib/gcc/arm-none-eabi/7.2.1/../../../../arm-none-eabi/lib/thumb/v6-m\libc_nano.a(lib_a-nano-svfprintf.o)
 .rodata._printf_i.str1.1
                0x0000507d       0x22 c:/siliconlabs/simplicitystudio/v4/developer/toolchains/gnu_arm/7.2_2017q4/bin/../lib/gcc/arm-none-eabi/7.2.1/../../../../arm-none-eabi/lib/thumb/v6-m\libc_nano.a(lib_a-nano-vfprintf_i.o)
 *(.eh_frame*)
 *fill*         0x0000509f        0x1 
 .eh_frame      0x000050a0        0x0 c:/siliconlabs/simplicitystudio/v4/developer/toolchains/gnu_arm/7.2_2017q4/bin/../lib/gcc/arm-none-eabi/7.2.1/thumb/v6-m/crtbegin.o
 .eh_frame      0x000050a0        0x4 c:/siliconlabs/simplicitystudio/v4/developer/toolchains/gnu_arm/7.2_2017q4/bin/../lib/gcc/arm-none-eabi/7.2.1/thumb/v6-m/crtend.o

.glue_7         0x000050a4        0x0
 .glue_7        0x000050a4        0x0 linker stubs

.glue_7t        0x000050a4        0x0
 .glue_7t       0x000050a4        0x0 linker stubs

.vfp11_veneer   0x000050a4        0x0
 .vfp11_veneer  0x000050a4        0x0 linker stubs

.v4_bx          0x000050a4        0x0
 .v4_bx         0x000050a4        0x0 linker stubs

.iplt           0x000050a4        0x0
 .iplt          0x000050a4        0x0 c:/siliconlabs/simplicitystudio/v4/developer/toolchains/gnu_arm/7.2_2017q4/bin/../lib/gcc/arm-none-eabi/7.2.1/thumb/v6-m/crtbegin.o

.ARM.extab
 *(.ARM.extab* .gnu.linkonce.armextab.*)
                0x000050a4                __exidx_start = .

.ARM.exidx      0x000050a4        0x8
 *(.ARM.exidx* .gnu.linkonce.armexidx.*)
 .ARM.exidx     0x000050a4        0x8 c:/siliconlabs/simplicitystudio/v4/developer/toolchains/gnu_arm/7.2_2017q4/bin/../lib/gcc/arm-none-eabi/7.2.1/../../../../arm-none-eabi/lib/thumb/v6-m/crt0.o
 .ARM.exidx     0x000050ac        0x0 c:/siliconlabs/simplicitystudio/v4/developer/toolchains/gnu_arm/7.2_2017q4/bin/../lib/gcc/arm-none-eabi/7.2.1/thumb/v6-m\libgcc.a(_udivmoddi4.o)
                                  0x8 (size before relaxing)
                0x000050ac                __exidx_end = .
                0x000050ac                __etext = .

.rel.dyn        0x000050ac        0x0
 .rel.iplt      0x000050ac        0x0 c:/siliconlabs/simplicitystudio/v4/developer/toolchains/gnu_arm/7.2_2017q4/bin/../lib/gcc/arm-none-eabi/7.2.1/thumb/v6-m/crtbegin.o

.data           0x20000000       0x98 load address 0x000050ac
                0x20000000                __data_start__ = .
 *(vtable)
 *(.data*)
 .data.SystemCoreClock
                0x20000000        0x4 ./CMSIS/EFM32HG/system_efm32hg.o
                0x20000000                SystemCoreClock
 .data.SystemHFXOClock
                0x20000004        0x4 ./CMSIS/EFM32HG/system_efm32hg.o
 .data.SystemLFXOClock
                0x20000008        0x4 ./CMSIS/EFM32HG/system_efm32hg.o
 .data.pDisplayDeviceDriverInitFunctions
                0x2000000c        0x8 ./Drivers/display.o
 .data.pixelMatrixPool
                0x20000014        0x4 ./Drivers/displayls013b7dh03.o
 .data.loops_per_jiffy
                0x20000018        0x4 ./Drivers/udelay.o
                0x20000018                loops_per_jiffy
 .data.ushfrcoFreq
                0x2000001c        0x4 ./emlib/em_cmu.o
 .data.comp_int_disabled
                0x20000020        0x1 ./service/sl_sleeptimer_hal_rtc.o
 .data.measurement_flag
                0x20000021        0x1 ./src/humitemp.o
 *fill*         0x20000022        0x2 
 .data._impure_ptr
                0x20000024        0x4 c:/siliconlabs/simplicitystudio/v4/developer/toolchains/gnu_arm/7.2_2017q4/bin/../lib/gcc/arm-none-eabi/7.2.1/../../../../arm-none-eabi/lib/thumb/v6-m\libc_nano.a(lib_a-impure.o)
                0x20000024                _impure_ptr
 .data.impure_data
                0x20000028       0x60 c:/siliconlabs/simplicitystudio/v4/developer/toolchains/gnu_arm/7.2_2017q4/bin/../lib/gcc/arm-none-eabi/7.2.1/../../../../arm-none-eabi/lib/thumb/v6-m\libc_nano.a(lib_a-impure.o)
                0x20000088                . = ALIGN (0x4)
                [!provide]                PROVIDE (__ram_func_section_start, .)
 *(.ram)
 .ram           0x20000088        0x8 ./emlib/em_emu.o
                [!provide]                PROVIDE (__ram_func_section_end, .)
                0x20000090                . = ALIGN (0x4)
                0x20000090                PROVIDE (__preinit_array_start, .)
 *(.preinit_array)
                0x20000090                PROVIDE (__preinit_array_end, .)
                0x20000090                . = ALIGN (0x4)
                0x20000090                PROVIDE (__init_array_start, .)
 *(SORT_BY_NAME(.init_array.*))
 *(.init_array)
 .init_array    0x20000090        0x4 c:/siliconlabs/simplicitystudio/v4/developer/toolchains/gnu_arm/7.2_2017q4/bin/../lib/gcc/arm-none-eabi/7.2.1/thumb/v6-m/crtbegin.o
                0x20000094                PROVIDE (__init_array_end, .)
                0x20000094                . = ALIGN (0x4)
                [!provide]                PROVIDE (__fini_array_start, .)
 *(SORT_BY_NAME(.fini_array.*))
 *(.fini_array)
 .fini_array    0x20000094        0x4 c:/siliconlabs/simplicitystudio/v4/developer/toolchains/gnu_arm/7.2_2017q4/bin/../lib/gcc/arm-none-eabi/7.2.1/thumb/v6-m/crtbegin.o
                [!provide]                PROVIDE (__fini_array_end, .)
 *(.jcr*)
                0x20000098                . = ALIGN (0x4)
                0x20000098                __data_end__ = .

.igot.plt       0x20000098        0x0 load address 0x00005144
 .igot.plt      0x20000098        0x0 c:/siliconlabs/simplicitystudio/v4/developer/toolchains/gnu_arm/7.2_2017q4/bin/../lib/gcc/arm-none-eabi/7.2.1/thumb/v6-m/crtbegin.o

.bss            0x20000098      0x9d0 load address 0x00005144
                0x20000098                . = ALIGN (0x4)
                0x20000098                __bss_start__ = .
 *(.bss*)
 .bss           0x20000098       0x1c c:/siliconlabs/simplicitystudio/v4/developer/toolchains/gnu_arm/7.2_2017q4/bin/../lib/gcc/arm-none-eabi/7.2.1/thumb/v6-m/crtbegin.o
 .bss.deviceTable
                0x200000b4       0x2c ./Drivers/display.o
 .bss.devicesRegistered
                0x200000e0        0x4 ./Drivers/display.o
 .bss.moduleInitialized
                0x200000e4        0x1 ./Drivers/display.o
 .bss.pixelMatrixPoolBase
                0x200000e5      0x800 ./Drivers/displayls013b7dh03.o
 *fill*         0x200008e5        0x1 
 .bss.dimensions
                0x200008e6        0xc ./Graphics/dmd_display.o
 *fill*         0x200008f2        0x2 
 .bss.displayDevice
                0x200008f4       0x2c ./Graphics/dmd_display.o
 .bss.moduleInitialized
                0x20000920        0x1 ./Graphics/dmd_display.o
 *fill*         0x20000921        0x3 
 .bss.pixelMatrixBuffer
                0x20000924        0x4 ./Graphics/dmd_display.o
 .bss.cmuStatus.8023
                0x20000928        0x4 ./emlib/em_emu.o
 .bss.hfClock.8024
                0x2000092c        0x1 ./emlib/em_emu.o
 *fill*         0x2000092d        0x3 
 .bss.i2cTransfer
                0x20000930        0xc ./emlib/em_i2c.o
 .bss.channelMaxValues
                0x2000093c       0x20 ./external_copied_files/capsense.o
 .bss.channelValues
                0x2000095c       0x20 ./external_copied_files/capsense.o
 .bss.currentChannel
                0x2000097c        0x1 ./external_copied_files/capsense.o
 .bss.measurementComplete
                0x2000097d        0x1 ./external_copied_files/capsense.o
 .bss.is_sleeptimer_initialized
                0x2000097e        0x1 ./service/sl_sleeptimer.o
 *fill*         0x2000097f        0x1 
 .bss.last_delta_update_count
                0x20000980        0x4 ./service/sl_sleeptimer.o
 .bss.max_millisecond_conversion
                0x20000984        0x4 ./service/sl_sleeptimer.o
 .bss.overflow_counter
                0x20000988        0x2 ./service/sl_sleeptimer.o
 *fill*         0x2000098a        0x2 
 .bss.timer_frequency
                0x2000098c        0x4 ./service/sl_sleeptimer.o
 .bss.timer_head
                0x20000990        0x4 ./service/sl_sleeptimer.o
 .bss.compare_value_32
                0x20000994        0x4 ./service/sl_sleeptimer_hal_rtc.o
 .bss.rtc_overflow_count
                0x20000998        0x1 ./service/sl_sleeptimer_hal_rtc.o
 *fill*         0x20000999        0x3 
 .bss.glibContext
                0x2000099c       0x2c ./src/graphics.o
 .bss.adcConversionComplete
                0x200009c8        0x1 ./src/humitemp.o
 *fill*         0x200009c9        0x3 
 .bss.cnt       0x200009cc        0x4 ./src/humitemp.o
 .bss.display_cnt
                0x200009d0        0x4 ./src/humitemp.o
 .bss.mem_lcd_callback_arg
                0x200009d4        0x4 ./src/humitemp.o
 .bss.mem_lcd_callback_func
                0x200009d8        0x4 ./src/humitemp.o
 .bss.mode      0x200009dc        0x4 ./src/humitemp.o
 .bss.offsetInSeconds
                0x200009e0        0x4 ./src/humitemp.o
 .bss.selectedType
                0x200009e4        0x1 ./src/humitemp.o
 *fill*         0x200009e5        0x3 
 .bss.__malloc_free_list
                0x200009e8        0x4 c:/siliconlabs/simplicitystudio/v4/developer/toolchains/gnu_arm/7.2_2017q4/bin/../lib/gcc/arm-none-eabi/7.2.1/../../../../arm-none-eabi/lib/thumb/v6-m\libc_nano.a(lib_a-nano-mallocr.o)
                0x200009e8                __malloc_free_list
 .bss.__malloc_sbrk_start
                0x200009ec        0x4 c:/siliconlabs/simplicitystudio/v4/developer/toolchains/gnu_arm/7.2_2017q4/bin/../lib/gcc/arm-none-eabi/7.2.1/../../../../arm-none-eabi/lib/thumb/v6-m\libc_nano.a(lib_a-nano-mallocr.o)
                0x200009ec                __malloc_sbrk_start
 .bss.heap_end.4102
                0x200009f0        0x4 c:/siliconlabs/simplicitystudio/v4/developer/toolchains/gnu_arm/7.2_2017q4/bin/../lib/gcc/arm-none-eabi/7.2.1/../../../../arm-none-eabi/lib/thumb/v6-m\libnosys.a(sbrk.o)
 *(COMMON)
 COMMON         0x200009f4       0x10 ./Graphics/dmd_display.o
                0x200009f4                dirtyRows
 COMMON         0x20000a04       0x60 ./src/humitemp.o
                0x20000a04                clk_timer
                0x20000a1c                measurement_timer
                0x20000a34                display_timer
                0x20000a4c                sense_timer
 COMMON         0x20000a64        0x4 c:/siliconlabs/simplicitystudio/v4/developer/toolchains/gnu_arm/7.2_2017q4/bin/../lib/gcc/arm-none-eabi/7.2.1/../../../../arm-none-eabi/lib/thumb/v6-m\libc_nano.a(lib_a-reent.o)
                0x20000a64                errno
                0x20000a68                . = ALIGN (0x4)
                0x20000a68                __bss_end__ = .

.heap           0x20000a68      0x400
                0x20000a68                __HeapBase = .
                0x20000a68                __end__ = .
                0x20000a68                end = __end__
                0x20000a68                _end = __end__
 *(.heap*)
 .heap          0x20000a68      0x400 ./CMSIS/EFM32HG/startup_efm32hg.o
                0x20000e68                __HeapLimit = .

.stack_dummy    0x20000a68      0x400
 *(.stack*)
 .stack         0x20000a68      0x400 ./CMSIS/EFM32HG/startup_efm32hg.o
                0x20002000                __StackTop = (ORIGIN (RAM) + LENGTH (RAM))
                0x20001c00                __StackLimit = (__StackTop - SIZEOF (.stack_dummy))
                0x20002000                PROVIDE (__stack, __StackTop)
                0x00000001                ASSERT ((__StackLimit >= __HeapLimit), region RAM overflowed with stack)
                0x00000001                ASSERT ((LENGTH (FLASH) >= (__etext + SIZEOF (.data))), FLASH memory overflowed !)
OUTPUT(SLSTK3400A_humitemp.axf elf32-littlearm)

.ARM.attributes
                0x00000000       0x28
 .ARM.attributes
                0x00000000       0x1e c:/siliconlabs/simplicitystudio/v4/developer/toolchains/gnu_arm/7.2_2017q4/bin/../lib/gcc/arm-none-eabi/7.2.1/thumb/v6-m/crti.o
 .ARM.attributes
                0x0000001e       0x2c c:/siliconlabs/simplicitystudio/v4/developer/toolchains/gnu_arm/7.2_2017q4/bin/../lib/gcc/arm-none-eabi/7.2.1/thumb/v6-m/crtbegin.o
 .ARM.attributes
                0x0000004a       0x1b c:/siliconlabs/simplicitystudio/v4/developer/toolchains/gnu_arm/7.2_2017q4/bin/../lib/gcc/arm-none-eabi/7.2.1/../../../../arm-none-eabi/lib/thumb/v6-m/crt0.o
 .ARM.attributes
                0x00000065       0x1b ./CMSIS/EFM32HG/startup_efm32hg.o
 .ARM.attributes
                0x00000080       0x32 ./CMSIS/EFM32HG/system_efm32hg.o
 .ARM.attributes
                0x000000b2       0x32 ./Drivers/display.o
 .ARM.attributes
                0x000000e4       0x32 ./Drivers/displayls013b7dh03.o
 .ARM.attributes
                0x00000116       0x32 ./Drivers/displaypalemlib.o
 .ARM.attributes
                0x00000148       0x32 ./Drivers/i2cspm.o
 .ARM.attributes
                0x0000017a       0x32 ./Drivers/si7013.o
 .ARM.attributes
                0x000001ac       0x2b ./Drivers/udelay.o
 .ARM.attributes
                0x000001d7       0x32 ./Graphics/dmd_display.o
 .ARM.attributes
                0x00000209       0x32 ./Graphics/glib.o
 .ARM.attributes
                0x0000023b       0x32 ./Graphics/glib_font_narrow_6x8.o
 .ARM.attributes
                0x0000026d       0x32 ./Graphics/glib_font_normal_8x8.o
 .ARM.attributes
                0x0000029f       0x32 ./Graphics/glib_rectangle.o
 .ARM.attributes
                0x000002d1       0x32 ./Graphics/glib_string.o
 .ARM.attributes
                0x00000303       0x32 ./emlib/em_adc.o
 .ARM.attributes
                0x00000335       0x32 ./emlib/em_cmu.o
 .ARM.attributes
                0x00000367       0x32 ./emlib/em_core.o
 .ARM.attributes
                0x00000399       0x32 ./emlib/em_emu.o
 .ARM.attributes
                0x000003cb       0x32 ./emlib/em_gpio.o
 .ARM.attributes
                0x000003fd       0x32 ./emlib/em_i2c.o
 .ARM.attributes
                0x0000042f       0x32 ./emlib/em_rtc.o
 .ARM.attributes
                0x00000461       0x32 ./emlib/em_usart.o
 .ARM.attributes
                0x00000493       0x32 ./external_copied_files/capsense.o
 .ARM.attributes
                0x000004c5       0x32 ./external_copied_files/em_acmp.o
 .ARM.attributes
                0x000004f7       0x32 ./service/sl_sleeptimer.o
 .ARM.attributes
                0x00000529       0x32 ./service/sl_sleeptimer_hal_rtc.o
 .ARM.attributes
                0x0000055b       0x32 ./src/7segment_font.o
 .ARM.attributes
                0x0000058d       0x32 ./src/clock_control.o
 .ARM.attributes
                0x000005bf       0x32 ./src/graphics.o
 .ARM.attributes
                0x000005f1       0x32 ./src/humitemp.o
 .ARM.attributes
                0x00000623       0x1e c:/siliconlabs/simplicitystudio/v4/developer/toolchains/gnu_arm/7.2_2017q4/bin/../lib/gcc/arm-none-eabi/7.2.1/thumb/v6-m\libgcc.a(_thumb1_case_sqi.o)
 .ARM.attributes
                0x00000641       0x1e c:/siliconlabs/simplicitystudio/v4/developer/toolchains/gnu_arm/7.2_2017q4/bin/../lib/gcc/arm-none-eabi/7.2.1/thumb/v6-m\libgcc.a(_thumb1_case_uqi.o)
 .ARM.attributes
                0x0000065f       0x1e c:/siliconlabs/simplicitystudio/v4/developer/toolchains/gnu_arm/7.2_2017q4/bin/../lib/gcc/arm-none-eabi/7.2.1/thumb/v6-m\libgcc.a(_thumb1_case_uhi.o)
 .ARM.attributes
                0x0000067d       0x1e c:/siliconlabs/simplicitystudio/v4/developer/toolchains/gnu_arm/7.2_2017q4/bin/../lib/gcc/arm-none-eabi/7.2.1/thumb/v6-m\libgcc.a(_udivsi3.o)
 .ARM.attributes
                0x0000069b       0x1e c:/siliconlabs/simplicitystudio/v4/developer/toolchains/gnu_arm/7.2_2017q4/bin/../lib/gcc/arm-none-eabi/7.2.1/thumb/v6-m\libgcc.a(_dvmd_tls.o)
 .ARM.attributes
                0x000006b9       0x1e c:/siliconlabs/simplicitystudio/v4/developer/toolchains/gnu_arm/7.2_2017q4/bin/../lib/gcc/arm-none-eabi/7.2.1/thumb/v6-m\libgcc.a(_clzsi2.o)
 .ARM.attributes
                0x000006d7       0x1e c:/siliconlabs/simplicitystudio/v4/developer/toolchains/gnu_arm/7.2_2017q4/bin/../lib/gcc/arm-none-eabi/7.2.1/thumb/v6-m\libgcc.a(_aeabi_uldivmod.o)
 .ARM.attributes
                0x000006f5       0x2c c:/siliconlabs/simplicitystudio/v4/developer/toolchains/gnu_arm/7.2_2017q4/bin/../lib/gcc/arm-none-eabi/7.2.1/thumb/v6-m\libgcc.a(_muldi3.o)
 .ARM.attributes
                0x00000721       0x2c c:/siliconlabs/simplicitystudio/v4/developer/toolchains/gnu_arm/7.2_2017q4/bin/../lib/gcc/arm-none-eabi/7.2.1/thumb/v6-m\libgcc.a(_udivmoddi4.o)
 .ARM.attributes
                0x0000074d       0x1e c:/siliconlabs/simplicitystudio/v4/developer/toolchains/gnu_arm/7.2_2017q4/bin/../lib/gcc/arm-none-eabi/7.2.1/thumb/v6-m\libgcc.a(_clzdi2.o)
 .ARM.attributes
                0x0000076b       0x2c c:/siliconlabs/simplicitystudio/v4/developer/toolchains/gnu_arm/7.2_2017q4/bin/../lib/gcc/arm-none-eabi/7.2.1/../../../../arm-none-eabi/lib/thumb/v6-m\libc_nano.a(lib_a-exit.o)
 .ARM.attributes
                0x00000797       0x2c c:/siliconlabs/simplicitystudio/v4/developer/toolchains/gnu_arm/7.2_2017q4/bin/../lib/gcc/arm-none-eabi/7.2.1/../../../../arm-none-eabi/lib/thumb/v6-m\libc_nano.a(lib_a-impure.o)
 .ARM.attributes
                0x000007c3       0x2c c:/siliconlabs/simplicitystudio/v4/developer/toolchains/gnu_arm/7.2_2017q4/bin/../lib/gcc/arm-none-eabi/7.2.1/../../../../arm-none-eabi/lib/thumb/v6-m\libc_nano.a(lib_a-init.o)
 .ARM.attributes
                0x000007ef       0x2c c:/siliconlabs/simplicitystudio/v4/developer/toolchains/gnu_arm/7.2_2017q4/bin/../lib/gcc/arm-none-eabi/7.2.1/../../../../arm-none-eabi/lib/thumb/v6-m\libc_nano.a(lib_a-memcpy-stub.o)
 .ARM.attributes
                0x0000081b       0x2c c:/siliconlabs/simplicitystudio/v4/developer/toolchains/gnu_arm/7.2_2017q4/bin/../lib/gcc/arm-none-eabi/7.2.1/../../../../arm-none-eabi/lib/thumb/v6-m\libc_nano.a(lib_a-memset.o)
 .ARM.attributes
                0x00000847       0x2c c:/siliconlabs/simplicitystudio/v4/developer/toolchains/gnu_arm/7.2_2017q4/bin/../lib/gcc/arm-none-eabi/7.2.1/../../../../arm-none-eabi/lib/thumb/v6-m\libc_nano.a(lib_a-snprintf.o)
 .ARM.attributes
                0x00000873       0x2c c:/siliconlabs/simplicitystudio/v4/developer/toolchains/gnu_arm/7.2_2017q4/bin/../lib/gcc/arm-none-eabi/7.2.1/../../../../arm-none-eabi/lib/thumb/v6-m\libc_nano.a(lib_a-nano-svfprintf.o)
 .ARM.attributes
                0x0000089f       0x2c c:/siliconlabs/simplicitystudio/v4/developer/toolchains/gnu_arm/7.2_2017q4/bin/../lib/gcc/arm-none-eabi/7.2.1/../../../../arm-none-eabi/lib/thumb/v6-m\libc_nano.a(lib_a-nano-vfprintf_i.o)
 .ARM.attributes
                0x000008cb       0x2c c:/siliconlabs/simplicitystudio/v4/developer/toolchains/gnu_arm/7.2_2017q4/bin/../lib/gcc/arm-none-eabi/7.2.1/../../../../arm-none-eabi/lib/thumb/v6-m\libc_nano.a(lib_a-memchr-stub.o)
 .ARM.attributes
                0x000008f7       0x2c c:/siliconlabs/simplicitystudio/v4/developer/toolchains/gnu_arm/7.2_2017q4/bin/../lib/gcc/arm-none-eabi/7.2.1/../../../../arm-none-eabi/lib/thumb/v6-m\libc_nano.a(lib_a-memmove.o)
 .ARM.attributes
                0x00000923       0x2c c:/siliconlabs/simplicitystudio/v4/developer/toolchains/gnu_arm/7.2_2017q4/bin/../lib/gcc/arm-none-eabi/7.2.1/../../../../arm-none-eabi/lib/thumb/v6-m\libc_nano.a(lib_a-nano-freer.o)
 .ARM.attributes
                0x0000094f       0x2c c:/siliconlabs/simplicitystudio/v4/developer/toolchains/gnu_arm/7.2_2017q4/bin/../lib/gcc/arm-none-eabi/7.2.1/../../../../arm-none-eabi/lib/thumb/v6-m\libc_nano.a(lib_a-nano-mallocr.o)
 .ARM.attributes
                0x0000097b       0x2c c:/siliconlabs/simplicitystudio/v4/developer/toolchains/gnu_arm/7.2_2017q4/bin/../lib/gcc/arm-none-eabi/7.2.1/../../../../arm-none-eabi/lib/thumb/v6-m\libc_nano.a(lib_a-nano-reallocr.o)
 .ARM.attributes
                0x000009a7       0x2c c:/siliconlabs/simplicitystudio/v4/developer/toolchains/gnu_arm/7.2_2017q4/bin/../lib/gcc/arm-none-eabi/7.2.1/../../../../arm-none-eabi/lib/thumb/v6-m\libc_nano.a(lib_a-sbrkr.o)
 .ARM.attributes
                0x000009d3       0x2c c:/siliconlabs/simplicitystudio/v4/developer/toolchains/gnu_arm/7.2_2017q4/bin/../lib/gcc/arm-none-eabi/7.2.1/../../../../arm-none-eabi/lib/thumb/v6-m\libc_nano.a(lib_a-mlock.o)
 .ARM.attributes
                0x000009ff       0x2c c:/siliconlabs/simplicitystudio/v4/developer/toolchains/gnu_arm/7.2_2017q4/bin/../lib/gcc/arm-none-eabi/7.2.1/../../../../arm-none-eabi/lib/thumb/v6-m\libc_nano.a(lib_a-nano-msizer.o)
 .ARM.attributes
                0x00000a2b       0x2c c:/siliconlabs/simplicitystudio/v4/developer/toolchains/gnu_arm/7.2_2017q4/bin/../lib/gcc/arm-none-eabi/7.2.1/../../../../arm-none-eabi/lib/thumb/v6-m\libc_nano.a(lib_a-reent.o)
 .ARM.attributes
                0x00000a57       0x2c c:/siliconlabs/simplicitystudio/v4/developer/toolchains/gnu_arm/7.2_2017q4/bin/../lib/gcc/arm-none-eabi/7.2.1/../../../../arm-none-eabi/lib/thumb/v6-m\libnosys.a(sbrk.o)
 .ARM.attributes
                0x00000a83       0x2c c:/siliconlabs/simplicitystudio/v4/developer/toolchains/gnu_arm/7.2_2017q4/bin/../lib/gcc/arm-none-eabi/7.2.1/../../../../arm-none-eabi/lib/thumb/v6-m\libnosys.a(_exit.o)
 .ARM.attributes
                0x00000aaf       0x2c c:/siliconlabs/simplicitystudio/v4/developer/toolchains/gnu_arm/7.2_2017q4/bin/../lib/gcc/arm-none-eabi/7.2.1/thumb/v6-m/crtend.o
 .ARM.attributes
                0x00000adb       0x1e c:/siliconlabs/simplicitystudio/v4/developer/toolchains/gnu_arm/7.2_2017q4/bin/../lib/gcc/arm-none-eabi/7.2.1/thumb/v6-m/crtn.o

.comment        0x00000000       0x7e
 .comment       0x00000000       0x7e ./CMSIS/EFM32HG/system_efm32hg.o
                                 0x7f (size before relaxing)
 .comment       0x0000007e       0x7f ./Drivers/display.o
 .comment       0x0000007e       0x7f ./Drivers/displayls013b7dh03.o
 .comment       0x0000007e       0x7f ./Drivers/displaypalemlib.o
 .comment       0x0000007e       0x7f ./Drivers/i2cspm.o
 .comment       0x0000007e       0x7f ./Drivers/si7013.o
 .comment       0x0000007e       0x7f ./Drivers/udelay.o
 .comment       0x0000007e       0x7f ./Graphics/dmd_display.o
 .comment       0x0000007e       0x7f ./Graphics/glib.o
 .comment       0x0000007e       0x7f ./Graphics/glib_font_narrow_6x8.o
 .comment       0x0000007e       0x7f ./Graphics/glib_font_normal_8x8.o
 .comment       0x0000007e       0x7f ./Graphics/glib_rectangle.o
 .comment       0x0000007e       0x7f ./Graphics/glib_string.o
 .comment       0x0000007e       0x7f ./emlib/em_adc.o
 .comment       0x0000007e       0x7f ./emlib/em_cmu.o
 .comment       0x0000007e       0x7f ./emlib/em_core.o
 .comment       0x0000007e       0x7f ./emlib/em_emu.o
 .comment       0x0000007e       0x7f ./emlib/em_gpio.o
 .comment       0x0000007e       0x7f ./emlib/em_i2c.o
 .comment       0x0000007e       0x7f ./emlib/em_rtc.o
 .comment       0x0000007e       0x7f ./emlib/em_usart.o
 .comment       0x0000007e       0x7f ./external_copied_files/capsense.o
 .comment       0x0000007e       0x7f ./external_copied_files/em_acmp.o
 .comment       0x0000007e       0x7f ./service/sl_sleeptimer.o
 .comment       0x0000007e       0x7f ./service/sl_sleeptimer_hal_rtc.o
 .comment       0x0000007e       0x7f ./src/7segment_font.o
 .comment       0x0000007e       0x7f ./src/clock_control.o
 .comment       0x0000007e       0x7f ./src/graphics.o
 .comment       0x0000007e       0x7f ./src/humitemp.o

.debug_line     0x00000000    0x1123f
 .debug_line    0x00000000       0xd5 ./CMSIS/EFM32HG/startup_efm32hg.o
 .debug_line    0x000000d5      0x848 ./CMSIS/EFM32HG/system_efm32hg.o
 .debug_line    0x0000091d      0x5bd ./Drivers/display.o
 .debug_line    0x00000eda      0xc07 ./Drivers/displayls013b7dh03.o
 .debug_line    0x00001ae1      0xcbe ./Drivers/displaypalemlib.o
 .debug_line    0x0000279f      0x962 ./Drivers/i2cspm.o
 .debug_line    0x00003101      0x9f2 ./Drivers/si7013.o
 .debug_line    0x00003af3      0x945 ./Drivers/udelay.o
 .debug_line    0x00004438      0x8ad ./Graphics/dmd_display.o
 .debug_line    0x00004ce5      0x9f7 ./Graphics/glib.o
 .debug_line    0x000056dc      0x430 ./Graphics/glib_font_narrow_6x8.o
 .debug_line    0x00005b0c      0x430 ./Graphics/glib_font_normal_8x8.o
 .debug_line    0x00005f3c      0x4b3 ./Graphics/glib_rectangle.o
 .debug_line    0x000063ef      0x4f8 ./Graphics/glib_string.o
 .debug_line    0x000068e7      0x967 ./emlib/em_adc.o
 .debug_line    0x0000724e     0x10fb ./emlib/em_cmu.o
 .debug_line    0x00008349      0xa2e ./emlib/em_core.o
 .debug_line    0x00008d77      0xa95 ./emlib/em_emu.o
 .debug_line    0x0000980c      0x959 ./emlib/em_gpio.o
 .debug_line    0x0000a165      0xaf3 ./emlib/em_i2c.o
 .debug_line    0x0000ac58      0x891 ./emlib/em_rtc.o
 .debug_line    0x0000b4e9      0xab7 ./emlib/em_usart.o
 .debug_line    0x0000bfa0      0x9e6 ./external_copied_files/capsense.o
 .debug_line    0x0000c986      0x93c ./external_copied_files/em_acmp.o
 .debug_line    0x0000d2c2      0xd1a ./service/sl_sleeptimer.o
 .debug_line    0x0000dfdc      0xb3f ./service/sl_sleeptimer_hal_rtc.o
 .debug_line    0x0000eb1b      0x441 ./src/7segment_font.o
 .debug_line    0x0000ef5c      0x8d9 ./src/clock_control.o
 .debug_line    0x0000f835      0xc20 ./src/graphics.o
 .debug_line    0x00010455      0xdea ./src/humitemp.o

.debug_info     0x00000000    0x23adb
 .debug_info    0x00000000       0x26 ./CMSIS/EFM32HG/startup_efm32hg.o
 .debug_info    0x00000026      0xe9b ./CMSIS/EFM32HG/system_efm32hg.o
 .debug_info    0x00000ec1      0xd86 ./Drivers/display.o
 .debug_info    0x00001c47     0x1378 ./Drivers/displayls013b7dh03.o
 .debug_info    0x00002fbf     0x16b8 ./Drivers/displaypalemlib.o
 .debug_info    0x00004677     0x12c5 ./Drivers/i2cspm.o
 .debug_info    0x0000593c     0x12ad ./Drivers/si7013.o
 .debug_info    0x00006be9     0x1697 ./Drivers/udelay.o
 .debug_info    0x00008280     0x14ba ./Graphics/dmd_display.o
 .debug_info    0x0000973a     0x14c9 ./Graphics/glib.o
 .debug_info    0x0000ac03      0xac3 ./Graphics/glib_font_narrow_6x8.o
 .debug_info    0x0000b6c6      0xac3 ./Graphics/glib_font_normal_8x8.o
 .debug_info    0x0000c189      0xebc ./Graphics/glib_rectangle.o
 .debug_info    0x0000d045      0xfb0 ./Graphics/glib_string.o
 .debug_info    0x0000dff5     0x1497 ./emlib/em_adc.o
 .debug_info    0x0000f48c     0x23b0 ./emlib/em_cmu.o
 .debug_info    0x0001183c     0x1414 ./emlib/em_core.o
 .debug_info    0x00012c50     0x164d ./emlib/em_emu.o
 .debug_info    0x0001429d     0x1179 ./emlib/em_gpio.o
 .debug_info    0x00015416     0x14f7 ./emlib/em_i2c.o
 .debug_info    0x0001690d      0xcbe ./emlib/em_rtc.o
 .debug_info    0x000175cb     0x190f ./emlib/em_usart.o
 .debug_info    0x00018eda     0x1838 ./external_copied_files/capsense.o
 .debug_info    0x0001a712     0x105e ./external_copied_files/em_acmp.o
 .debug_info    0x0001b770     0x1a94 ./service/sl_sleeptimer.o
 .debug_info    0x0001d204     0x13da ./service/sl_sleeptimer_hal_rtc.o
 .debug_info    0x0001e5de      0xadd ./src/7segment_font.o
 .debug_info    0x0001f0bb     0x1245 ./src/clock_control.o
 .debug_info    0x00020300      0xfd1 ./src/graphics.o
 .debug_info    0x000212d1     0x280a ./src/humitemp.o

.debug_abbrev   0x00000000     0x5dfc
 .debug_abbrev  0x00000000       0x14 ./CMSIS/EFM32HG/startup_efm32hg.o
 .debug_abbrev  0x00000014      0x281 ./CMSIS/EFM32HG/system_efm32hg.o
 .debug_abbrev  0x00000295      0x227 ./Drivers/display.o
 .debug_abbrev  0x000004bc      0x380 ./Drivers/displayls013b7dh03.o
 .debug_abbrev  0x0000083c      0x359 ./Drivers/displaypalemlib.o
 .debug_abbrev  0x00000b95      0x2de ./Drivers/i2cspm.o
 .debug_abbrev  0x00000e73      0x385 ./Drivers/si7013.o
 .debug_abbrev  0x000011f8      0x35d ./Drivers/udelay.o
 .debug_abbrev  0x00001555      0x391 ./Graphics/dmd_display.o
 .debug_abbrev  0x000018e6      0x36a ./Graphics/glib.o
 .debug_abbrev  0x00001c50      0x1a0 ./Graphics/glib_font_narrow_6x8.o
 .debug_abbrev  0x00001df0      0x1a0 ./Graphics/glib_font_normal_8x8.o
 .debug_abbrev  0x00001f90      0x268 ./Graphics/glib_rectangle.o
 .debug_abbrev  0x000021f8      0x2b9 ./Graphics/glib_string.o
 .debug_abbrev  0x000024b1      0x2c1 ./emlib/em_adc.o
 .debug_abbrev  0x00002772      0x4df ./emlib/em_cmu.o
 .debug_abbrev  0x00002c51      0x3d6 ./emlib/em_core.o
 .debug_abbrev  0x00003027      0x400 ./emlib/em_emu.o
 .debug_abbrev  0x00003427      0x39a ./emlib/em_gpio.o
 .debug_abbrev  0x000037c1      0x432 ./emlib/em_i2c.o
 .debug_abbrev  0x00003bf3      0x2e0 ./emlib/em_rtc.o
 .debug_abbrev  0x00003ed3      0x36e ./emlib/em_usart.o
 .debug_abbrev  0x00004241      0x360 ./external_copied_files/capsense.o
 .debug_abbrev  0x000045a1      0x35c ./external_copied_files/em_acmp.o
 .debug_abbrev  0x000048fd      0x468 ./service/sl_sleeptimer.o
 .debug_abbrev  0x00004d65      0x3cb ./service/sl_sleeptimer_hal_rtc.o
 .debug_abbrev  0x00005130      0x1b1 ./src/7segment_font.o
 .debug_abbrev  0x000052e1      0x365 ./src/clock_control.o
 .debug_abbrev  0x00005646      0x281 ./src/graphics.o
 .debug_abbrev  0x000058c7      0x535 ./src/humitemp.o

.debug_aranges  0x00000000      0xb08
 .debug_aranges
                0x00000000       0x20 ./CMSIS/EFM32HG/startup_efm32hg.o
 .debug_aranges
                0x00000020       0x68 ./CMSIS/EFM32HG/system_efm32hg.o
 .debug_aranges
                0x00000088       0x38 ./Drivers/display.o
 .debug_aranges
                0x000000c0       0x58 ./Drivers/displayls013b7dh03.o
 .debug_aranges
                0x00000118       0x80 ./Drivers/displaypalemlib.o
 .debug_aranges
                0x00000198       0x28 ./Drivers/i2cspm.o
 .debug_aranges
                0x000001c0       0x58 ./Drivers/si7013.o
 .debug_aranges
                0x00000218       0x28 ./Drivers/udelay.o
 .debug_aranges
                0x00000240       0x90 ./Graphics/dmd_display.o
 .debug_aranges
                0x000002d0       0x88 ./Graphics/glib.o
 .debug_aranges
                0x00000358       0x18 ./Graphics/glib_font_narrow_6x8.o
 .debug_aranges
                0x00000370       0x18 ./Graphics/glib_font_normal_8x8.o
 .debug_aranges
                0x00000388       0x38 ./Graphics/glib_rectangle.o
 .debug_aranges
                0x000003c0       0x30 ./Graphics/glib_string.o
 .debug_aranges
                0x000003f0       0x50 ./emlib/em_adc.o
 .debug_aranges
                0x00000440      0x128 ./emlib/em_cmu.o
 .debug_aranges
                0x00000568       0xc0 ./emlib/em_core.o
 .debug_aranges
                0x00000628       0x80 ./emlib/em_emu.o
 .debug_aranges
                0x000006a8       0x48 ./emlib/em_gpio.o
 .debug_aranges
                0x000006f0       0x50 ./emlib/em_i2c.o
 .debug_aranges
                0x00000740       0x50 ./emlib/em_rtc.o
 .debug_aranges
                0x00000790       0xb8 ./emlib/em_usart.o
 .debug_aranges
                0x00000848       0x50 ./external_copied_files/capsense.o
 .debug_aranges
                0x00000898       0x58 ./external_copied_files/em_acmp.o
 .debug_aranges
                0x000008f0       0xe0 ./service/sl_sleeptimer.o
 .debug_aranges
                0x000009d0       0x60 ./service/sl_sleeptimer_hal_rtc.o
 .debug_aranges
                0x00000a30       0x18 ./src/7segment_font.o
 .debug_aranges
                0x00000a48       0x30 ./src/clock_control.o
 .debug_aranges
                0x00000a78       0x30 ./src/graphics.o
 .debug_aranges
                0x00000aa8       0x60 ./src/humitemp.o

.debug_str      0x00000000    0x85bd3
 .debug_str     0x00000000       0xef ./CMSIS/EFM32HG/startup_efm32hg.o
 .debug_str     0x000000ef    0x76a2f ./CMSIS/EFM32HG/system_efm32hg.o
                              0x76d14 (size before relaxing)
 .debug_str     0x00076b1e      0xb00 ./Drivers/display.o
                               0x7675 (size before relaxing)
 .debug_str     0x0007761e     0x1229 ./Drivers/displayls013b7dh03.o
                              0x78638 (size before relaxing)
 .debug_str     0x00078847     0x202e ./Drivers/displaypalemlib.o
                              0x7a0ea (size before relaxing)
 .debug_str     0x0007a875      0x46b ./Drivers/i2cspm.o
                              0x787bb (size before relaxing)
 .debug_str     0x0007ace0      0x2fd ./Drivers/si7013.o
                              0x77708 (size before relaxing)
 .debug_str     0x0007afdd      0xb56 ./Drivers/udelay.o
                              0x78d7f (size before relaxing)
 .debug_str     0x0007bb33      0x6d0 ./Graphics/dmd_display.o
                               0x7ce5 (size before relaxing)
 .debug_str     0x0007c203     0x1286 ./Graphics/glib.o
                              0x781ca (size before relaxing)
 .debug_str     0x0007d489       0x95 ./Graphics/glib_font_narrow_6x8.o
                               0x802d (size before relaxing)
 .debug_str     0x0007d51e       0x95 ./Graphics/glib_font_normal_8x8.o
                               0x802d (size before relaxing)
 .debug_str     0x0007d5b3       0xdb ./Graphics/glib_rectangle.o
                               0x8240 (size before relaxing)
 .debug_str     0x0007d68e      0x107 ./Graphics/glib_string.o
                               0x822c (size before relaxing)
 .debug_str     0x0007d795      0xf17 ./emlib/em_adc.o
                              0x79146 (size before relaxing)
 .debug_str     0x0007e6ac      0x9f4 ./emlib/em_cmu.o
                              0x78f0f (size before relaxing)
 .debug_str     0x0007f0a0      0x38c ./emlib/em_core.o
                              0x77876 (size before relaxing)
 .debug_str     0x0007f42c      0x49c ./emlib/em_emu.o
                              0x7914a (size before relaxing)
 .debug_str     0x0007f8c8      0x22a ./emlib/em_gpio.o
                              0x775d2 (size before relaxing)
 .debug_str     0x0007faf2      0x2a2 ./emlib/em_i2c.o
                              0x78964 (size before relaxing)
 .debug_str     0x0007fd94       0xde ./emlib/em_rtc.o
                              0x76beb (size before relaxing)
 .debug_str     0x0007fe72      0x652 ./emlib/em_usart.o
                              0x78e93 (size before relaxing)
 .debug_str     0x000804c4      0x792 ./external_copied_files/capsense.o
                              0x78b25 (size before relaxing)
 .debug_str     0x00080c56      0x15c ./external_copied_files/em_acmp.o
                              0x776ad (size before relaxing)
 .debug_str     0x00080db2     0x4560 ./service/sl_sleeptimer.o
                              0x7bba1 (size before relaxing)
 .debug_str     0x00085312      0x1cb ./service/sl_sleeptimer_hal_rtc.o
                              0x7c806 (size before relaxing)
 .debug_str     0x000854dd       0x5d ./src/7segment_font.o
                               0x7ff5 (size before relaxing)
 .debug_str     0x0008553a       0xf8 ./src/clock_control.o
                              0x785c5 (size before relaxing)
 .debug_str     0x00085632      0x27f ./src/graphics.o
                              0x7926a (size before relaxing)
 .debug_str     0x000858b1      0x322 ./src/humitemp.o
                              0x7dc9e (size before relaxing)

.debug_loc      0x00000000     0x9c65
 .debug_loc     0x00000000      0x11c ./CMSIS/EFM32HG/system_efm32hg.o
 .debug_loc     0x0000011c      0x223 ./Drivers/display.o
 .debug_loc     0x0000033f      0x604 ./Drivers/displayls013b7dh03.o
 .debug_loc     0x00000943      0x3f4 ./Drivers/displaypalemlib.o
 .debug_loc     0x00000d37      0x1ac ./Drivers/i2cspm.o
 .debug_loc     0x00000ee3      0x70e ./Drivers/si7013.o
 .debug_loc     0x000015f1      0x33e ./Drivers/udelay.o
 .debug_loc     0x0000192f      0xdd0 ./Graphics/dmd_display.o
 .debug_loc     0x000026ff      0x8be ./Graphics/glib.o
 .debug_loc     0x00002fbd      0x205 ./Graphics/glib_rectangle.o
 .debug_loc     0x000031c2      0x636 ./Graphics/glib_string.o
 .debug_loc     0x000037f8      0x5fc ./emlib/em_adc.o
 .debug_loc     0x00003df4     0x1ac7 ./emlib/em_cmu.o
 .debug_loc     0x000058bb      0x55f ./emlib/em_core.o
 .debug_loc     0x00005e1a      0x2c0 ./emlib/em_emu.o
 .debug_loc     0x000060da      0x4ba ./emlib/em_gpio.o
 .debug_loc     0x00006594      0x84c ./emlib/em_i2c.o
 .debug_loc     0x00006de0      0x12e ./emlib/em_rtc.o
 .debug_loc     0x00006f0e      0x6ea ./emlib/em_usart.o
 .debug_loc     0x000075f8      0x291 ./external_copied_files/capsense.o
 .debug_loc     0x00007889      0x2a7 ./external_copied_files/em_acmp.o
 .debug_loc     0x00007b30     0x130a ./service/sl_sleeptimer.o
 .debug_loc     0x00008e3a      0x31a ./service/sl_sleeptimer_hal_rtc.o
 .debug_loc     0x00009154      0x35e ./src/clock_control.o
 .debug_loc     0x000094b2      0x22e ./src/graphics.o
 .debug_loc     0x000096e0      0x585 ./src/humitemp.o

.debug_ranges   0x00000000     0x11a0
 .debug_ranges  0x00000000       0x58 ./CMSIS/EFM32HG/system_efm32hg.o
 .debug_ranges  0x00000058       0x28 ./Drivers/display.o
 .debug_ranges  0x00000080       0x60 ./Drivers/displayls013b7dh03.o
 .debug_ranges  0x000000e0       0xb8 ./Drivers/displaypalemlib.o
 .debug_ranges  0x00000198       0x60 ./Drivers/i2cspm.o
 .debug_ranges  0x000001f8       0x70 ./Drivers/si7013.o
 .debug_ranges  0x00000268       0x50 ./Drivers/udelay.o
 .debug_ranges  0x000002b8       0xc8 ./Graphics/dmd_display.o
 .debug_ranges  0x00000380       0xc0 ./Graphics/glib.o
 .debug_ranges  0x00000440       0x28 ./Graphics/glib_rectangle.o
 .debug_ranges  0x00000468       0x40 ./Graphics/glib_string.o
 .debug_ranges  0x000004a8       0x40 ./emlib/em_adc.o
 .debug_ranges  0x000004e8      0x240 ./emlib/em_cmu.o
 .debug_ranges  0x00000728      0x140 ./emlib/em_core.o
 .debug_ranges  0x00000868       0xa0 ./emlib/em_emu.o
 .debug_ranges  0x00000908       0xf0 ./emlib/em_gpio.o
 .debug_ranges  0x000009f8      0x108 ./emlib/em_i2c.o
 .debug_ranges  0x00000b00       0x58 ./emlib/em_rtc.o
 .debug_ranges  0x00000b58       0xc0 ./emlib/em_usart.o
 .debug_ranges  0x00000c18       0x80 ./external_copied_files/capsense.o
 .debug_ranges  0x00000c98       0xa0 ./external_copied_files/em_acmp.o
 .debug_ranges  0x00000d38      0x150 ./service/sl_sleeptimer.o
 .debug_ranges  0x00000e88       0xe0 ./service/sl_sleeptimer_hal_rtc.o
 .debug_ranges  0x00000f68       0x40 ./src/clock_control.o
 .debug_ranges  0x00000fa8       0x38 ./src/graphics.o
 .debug_ranges  0x00000fe0      0x1c0 ./src/humitemp.o

.debug_macro    0x00000000     0x79b6
 .debug_macro   0x00000000      0x302 ./CMSIS/EFM32HG/system_efm32hg.o
 .debug_macro   0x00000302       0x4f ./CMSIS/EFM32HG/system_efm32hg.o
 .debug_macro   0x00000351       0x51 ./CMSIS/EFM32HG/system_efm32hg.o
 .debug_macro   0x000003a2       0xb5 ./CMSIS/EFM32HG/system_efm32hg.o
 .debug_macro   0x00000457       0x58 ./CMSIS/EFM32HG/system_efm32hg.o
 .debug_macro   0x000004af      0x34d ./CMSIS/EFM32HG/system_efm32hg.o
 .debug_macro   0x000007fc      0x19b ./Drivers/display.o
 .debug_macro   0x00000997       0x10 ./Drivers/display.o
 .debug_macro   0x000009a7       0x40 ./Drivers/display.o
 .debug_macro   0x000009e7       0x28 ./Drivers/display.o
 .debug_macro   0x00000a0f       0x6a ./Drivers/display.o
 .debug_macro   0x00000a79       0x1c ./Drivers/display.o
 .debug_macro   0x00000a95       0x10 ./Drivers/display.o
 .debug_macro   0x00000aa5       0x1c ./Drivers/display.o
 .debug_macro   0x00000ac1       0x28 ./Drivers/display.o
 .debug_macro   0x00000ae9      0x444 ./Drivers/displayls013b7dh03.o
 .debug_macro   0x00000f2d       0x16 ./Drivers/displayls013b7dh03.o
 .debug_macro   0x00000f43       0x97 ./Drivers/displayls013b7dh03.o
 .debug_macro   0x00000fda       0xf6 ./Drivers/displayls013b7dh03.o
 .debug_macro   0x000010d0       0x10 ./Drivers/displayls013b7dh03.o
 .debug_macro   0x000010e0       0x10 ./Drivers/displayls013b7dh03.o
 .debug_macro   0x000010f0       0xb6 ./Drivers/displayls013b7dh03.o
 .debug_macro   0x000011a6       0x16 ./Drivers/displayls013b7dh03.o
 .debug_macro   0x000011bc      0x129 ./Drivers/displayls013b7dh03.o
 .debug_macro   0x000012e5       0x16 ./Drivers/displayls013b7dh03.o
 .debug_macro   0x000012fb       0x22 ./Drivers/displayls013b7dh03.o
 .debug_macro   0x0000131d       0x16 ./Drivers/displayls013b7dh03.o
 .debug_macro   0x00001333       0xb9 ./Drivers/displayls013b7dh03.o
 .debug_macro   0x000013ec       0x16 ./Drivers/displayls013b7dh03.o
 .debug_macro   0x00001402       0x2e ./Drivers/displayls013b7dh03.o
 .debug_macro   0x00001430      0x463 ./Drivers/displaypalemlib.o
 .debug_macro   0x00001893      0x349 ./Drivers/i2cspm.o
 .debug_macro   0x00001bdc       0x16 ./Drivers/i2cspm.o
 .debug_macro   0x00001bf2       0x45 ./Drivers/i2cspm.o
 .debug_macro   0x00001c37      0x37e ./Drivers/si7013.o
 .debug_macro   0x00001fb5       0x22 ./Drivers/si7013.o
 .debug_macro   0x00001fd7      0x343 ./Drivers/udelay.o
 .debug_macro   0x0000231a       0xc0 ./Drivers/udelay.o
 .debug_macro   0x000023da       0x16 ./Drivers/udelay.o
 .debug_macro   0x000023f0      0x1cd ./Graphics/dmd_display.o
 .debug_macro   0x000025bd      0x10e ./Graphics/dmd_display.o
 .debug_macro   0x000026cb       0x86 ./Graphics/dmd_display.o
 .debug_macro   0x00002751       0x16 ./Graphics/dmd_display.o
 .debug_macro   0x00002767       0x82 ./Graphics/dmd_display.o
 .debug_macro   0x000027e9      0x34d ./Graphics/glib.o
 .debug_macro   0x00002b36      0x3a9 ./Graphics/glib.o
 .debug_macro   0x00002edf       0x51 ./Graphics/glib.o
 .debug_macro   0x00002f30      0x15c ./Graphics/glib_font_narrow_6x8.o
 .debug_macro   0x0000308c       0x7c ./Graphics/glib_font_narrow_6x8.o
 .debug_macro   0x00003108      0x15c ./Graphics/glib_font_normal_8x8.o
 .debug_macro   0x00003264      0x156 ./Graphics/glib_rectangle.o
 .debug_macro   0x000033ba      0x172 ./Graphics/glib_string.o
 .debug_macro   0x0000352c      0x3bf ./emlib/em_adc.o
 .debug_macro   0x000038eb       0xac ./emlib/em_adc.o
 .debug_macro   0x00003997      0x391 ./emlib/em_cmu.o
 .debug_macro   0x00003d28       0x2b ./emlib/em_cmu.o
 .debug_macro   0x00003d53       0xee ./emlib/em_cmu.o
 .debug_macro   0x00003e41       0x11 ./emlib/em_cmu.o
 .debug_macro   0x00003e52      0x334 ./emlib/em_core.o
 .debug_macro   0x00004186       0x63 ./emlib/em_core.o
 .debug_macro   0x000041e9       0xba ./emlib/em_core.o
 .debug_macro   0x000042a3      0x3c3 ./emlib/em_emu.o
 .debug_macro   0x00004666       0x25 ./emlib/em_emu.o
 .debug_macro   0x0000468b       0x34 ./emlib/em_emu.o
 .debug_macro   0x000046bf      0x31b ./emlib/em_gpio.o
 .debug_macro   0x000049da      0x37d ./emlib/em_i2c.o
 .debug_macro   0x00004d57       0x3f ./emlib/em_i2c.o
 .debug_macro   0x00004d96      0x315 ./emlib/em_rtc.o
 .debug_macro   0x000050ab       0x10 ./emlib/em_rtc.o
 .debug_macro   0x000050bb      0x35f ./emlib/em_usart.o
 .debug_macro   0x0000541a       0xeb ./emlib/em_usart.o
 .debug_macro   0x00005505      0x364 ./external_copied_files/capsense.o
 .debug_macro   0x00005869       0x12 ./external_copied_files/capsense.o
 .debug_macro   0x0000587b       0x3a ./external_copied_files/capsense.o
 .debug_macro   0x000058b5      0x330 ./external_copied_files/em_acmp.o
 .debug_macro   0x00005be5      0x431 ./service/sl_sleeptimer.o
 .debug_macro   0x00006016       0x10 ./service/sl_sleeptimer.o
 .debug_macro   0x00006026       0x10 ./service/sl_sleeptimer.o
 .debug_macro   0x00006036       0x10 ./service/sl_sleeptimer.o
 .debug_macro   0x00006046       0x2e ./service/sl_sleeptimer.o
 .debug_macro   0x00006074       0x3a ./service/sl_sleeptimer.o
 .debug_macro   0x000060ae      0x6de ./service/sl_sleeptimer.o
 .debug_macro   0x0000678c       0x10 ./service/sl_sleeptimer.o
 .debug_macro   0x0000679c       0x1c ./service/sl_sleeptimer.o
 .debug_macro   0x000067b8      0x39b ./service/sl_sleeptimer_hal_rtc.o
 .debug_macro   0x00006b53      0x166 ./src/7segment_font.o
 .debug_macro   0x00006cb9      0x354 ./src/clock_control.o
 .debug_macro   0x0000700d      0x44c ./src/graphics.o
 .debug_macro   0x00007459       0x22 ./src/graphics.o
 .debug_macro   0x0000747b       0x34 ./src/graphics.o
 .debug_macro   0x000074af       0x1c ./src/graphics.o
 .debug_macro   0x000074cb      0x411 ./src/humitemp.o
 .debug_macro   0x000078dc       0xb2 ./src/humitemp.o
 .debug_macro   0x0000798e       0x28 ./src/humitemp.o

.debug_frame    0x00000000     0x1e70
 .debug_frame   0x00000000       0xd0 ./CMSIS/EFM32HG/system_efm32hg.o
 .debug_frame   0x000000d0       0x74 ./Drivers/display.o
 .debug_frame   0x00000144       0xe4 ./Drivers/displayls013b7dh03.o
 .debug_frame   0x00000228      0x130 ./Drivers/displaypalemlib.o
 .debug_frame   0x00000358       0x48 ./Drivers/i2cspm.o
 .debug_frame   0x000003a0       0xfc ./Drivers/si7013.o
 .debug_frame   0x0000049c       0x40 ./Drivers/udelay.o
 .debug_frame   0x000004dc      0x188 ./Graphics/dmd_display.o
 .debug_frame   0x00000664      0x190 ./Graphics/glib.o
 .debug_frame   0x000007f4       0x7c ./Graphics/glib_rectangle.o
 .debug_frame   0x00000870       0x68 ./Graphics/glib_string.o
 .debug_frame   0x000008d8       0xcc ./emlib/em_adc.o
 .debug_frame   0x000009a4      0x300 ./emlib/em_cmu.o
 .debug_frame   0x00000ca4      0x218 ./emlib/em_core.o
 .debug_frame   0x00000ebc      0x158 ./emlib/em_emu.o
 .debug_frame   0x00001014       0x94 ./emlib/em_gpio.o
 .debug_frame   0x000010a8       0xbc ./emlib/em_i2c.o
 .debug_frame   0x00001164       0x88 ./emlib/em_rtc.o
 .debug_frame   0x000011ec      0x1b0 ./emlib/em_usart.o
 .debug_frame   0x0000139c       0xb0 ./external_copied_files/capsense.o
 .debug_frame   0x0000144c       0xbc ./external_copied_files/em_acmp.o
 .debug_frame   0x00001508      0x2c0 ./service/sl_sleeptimer.o
 .debug_frame   0x000017c8       0xcc ./service/sl_sleeptimer_hal_rtc.o
 .debug_frame   0x00001894       0x5c ./src/clock_control.o
 .debug_frame   0x000018f0       0x6c ./src/graphics.o
 .debug_frame   0x0000195c       0xfc ./src/humitemp.o
 .debug_frame   0x00001a58       0x20 c:/siliconlabs/simplicitystudio/v4/developer/toolchains/gnu_arm/7.2_2017q4/bin/../lib/gcc/arm-none-eabi/7.2.1/thumb/v6-m\libgcc.a(_udivsi3.o)
 .debug_frame   0x00001a78       0x34 c:/siliconlabs/simplicitystudio/v4/developer/toolchains/gnu_arm/7.2_2017q4/bin/../lib/gcc/arm-none-eabi/7.2.1/thumb/v6-m\libgcc.a(_muldi3.o)
 .debug_frame   0x00001aac       0x3c c:/siliconlabs/simplicitystudio/v4/developer/toolchains/gnu_arm/7.2_2017q4/bin/../lib/gcc/arm-none-eabi/7.2.1/thumb/v6-m\libgcc.a(_udivmoddi4.o)
 .debug_frame   0x00001ae8       0x28 c:/siliconlabs/simplicitystudio/v4/developer/toolchains/gnu_arm/7.2_2017q4/bin/../lib/gcc/arm-none-eabi/7.2.1/../../../../arm-none-eabi/lib/thumb/v6-m\libc_nano.a(lib_a-exit.o)
 .debug_frame   0x00001b10       0x2c c:/siliconlabs/simplicitystudio/v4/developer/toolchains/gnu_arm/7.2_2017q4/bin/../lib/gcc/arm-none-eabi/7.2.1/../../../../arm-none-eabi/lib/thumb/v6-m\libc_nano.a(lib_a-init.o)
 .debug_frame   0x00001b3c       0x28 c:/siliconlabs/simplicitystudio/v4/developer/toolchains/gnu_arm/7.2_2017q4/bin/../lib/gcc/arm-none-eabi/7.2.1/../../../../arm-none-eabi/lib/thumb/v6-m\libc_nano.a(lib_a-memcpy-stub.o)
 .debug_frame   0x00001b64       0x20 c:/siliconlabs/simplicitystudio/v4/developer/toolchains/gnu_arm/7.2_2017q4/bin/../lib/gcc/arm-none-eabi/7.2.1/../../../../arm-none-eabi/lib/thumb/v6-m\libc_nano.a(lib_a-memset.o)
 .debug_frame   0x00001b84       0x50 c:/siliconlabs/simplicitystudio/v4/developer/toolchains/gnu_arm/7.2_2017q4/bin/../lib/gcc/arm-none-eabi/7.2.1/../../../../arm-none-eabi/lib/thumb/v6-m\libc_nano.a(lib_a-snprintf.o)
 .debug_frame   0x00001bd4       0x74 c:/siliconlabs/simplicitystudio/v4/developer/toolchains/gnu_arm/7.2_2017q4/bin/../lib/gcc/arm-none-eabi/7.2.1/../../../../arm-none-eabi/lib/thumb/v6-m\libc_nano.a(lib_a-nano-svfprintf.o)
 .debug_frame   0x00001c48       0x54 c:/siliconlabs/simplicitystudio/v4/developer/toolchains/gnu_arm/7.2_2017q4/bin/../lib/gcc/arm-none-eabi/7.2.1/../../../../arm-none-eabi/lib/thumb/v6-m\libc_nano.a(lib_a-nano-vfprintf_i.o)
 .debug_frame   0x00001c9c       0x20 c:/siliconlabs/simplicitystudio/v4/developer/toolchains/gnu_arm/7.2_2017q4/bin/../lib/gcc/arm-none-eabi/7.2.1/../../../../arm-none-eabi/lib/thumb/v6-m\libc_nano.a(lib_a-memchr-stub.o)
 .debug_frame   0x00001cbc       0x28 c:/siliconlabs/simplicitystudio/v4/developer/toolchains/gnu_arm/7.2_2017q4/bin/../lib/gcc/arm-none-eabi/7.2.1/../../../../arm-none-eabi/lib/thumb/v6-m\libc_nano.a(lib_a-memmove.o)
 .debug_frame   0x00001ce4       0x2c c:/siliconlabs/simplicitystudio/v4/developer/toolchains/gnu_arm/7.2_2017q4/bin/../lib/gcc/arm-none-eabi/7.2.1/../../../../arm-none-eabi/lib/thumb/v6-m\libc_nano.a(lib_a-nano-freer.o)
 .debug_frame   0x00001d10       0x2c c:/siliconlabs/simplicitystudio/v4/developer/toolchains/gnu_arm/7.2_2017q4/bin/../lib/gcc/arm-none-eabi/7.2.1/../../../../arm-none-eabi/lib/thumb/v6-m\libc_nano.a(lib_a-nano-mallocr.o)
 .debug_frame   0x00001d3c       0x30 c:/siliconlabs/simplicitystudio/v4/developer/toolchains/gnu_arm/7.2_2017q4/bin/../lib/gcc/arm-none-eabi/7.2.1/../../../../arm-none-eabi/lib/thumb/v6-m\libc_nano.a(lib_a-nano-reallocr.o)
 .debug_frame   0x00001d6c       0x2c c:/siliconlabs/simplicitystudio/v4/developer/toolchains/gnu_arm/7.2_2017q4/bin/../lib/gcc/arm-none-eabi/7.2.1/../../../../arm-none-eabi/lib/thumb/v6-m\libc_nano.a(lib_a-sbrkr.o)
 .debug_frame   0x00001d98       0x30 c:/siliconlabs/simplicitystudio/v4/developer/toolchains/gnu_arm/7.2_2017q4/bin/../lib/gcc/arm-none-eabi/7.2.1/../../../../arm-none-eabi/lib/thumb/v6-m\libc_nano.a(lib_a-mlock.o)
 .debug_frame   0x00001dc8       0x20 c:/siliconlabs/simplicitystudio/v4/developer/toolchains/gnu_arm/7.2_2017q4/bin/../lib/gcc/arm-none-eabi/7.2.1/../../../../arm-none-eabi/lib/thumb/v6-m\libc_nano.a(lib_a-nano-msizer.o)
 .debug_frame   0x00001de8       0x48 c:/siliconlabs/simplicitystudio/v4/developer/toolchains/gnu_arm/7.2_2017q4/bin/../lib/gcc/arm-none-eabi/7.2.1/../../../../arm-none-eabi/lib/thumb/v6-m\libc_nano.a(lib_a-reent.o)
 .debug_frame   0x00001e30       0x20 c:/siliconlabs/simplicitystudio/v4/developer/toolchains/gnu_arm/7.2_2017q4/bin/../lib/gcc/arm-none-eabi/7.2.1/../../../../arm-none-eabi/lib/thumb/v6-m\libnosys.a(sbrk.o)
 .debug_frame   0x00001e50       0x20 c:/siliconlabs/simplicitystudio/v4/developer/toolchains/gnu_arm/7.2_2017q4/bin/../lib/gcc/arm-none-eabi/7.2.1/../../../../arm-none-eabi/lib/thumb/v6-m\libnosys.a(_exit.o)
